[dsipaint.com/index.html]
[backblue.gif]
[fade.gif]
[index.html]
[dsipaint.com/favicon.ico]
[dsipaint.com/stylee993.css]
[dsipaint.com/lighte993.css]
[dsipaint.com/images/backgrounds/background0.png]
[dsipaint.com/images/logo.png]
[dsipaint.com/avatars_site/0.png]
[external.html]
[dsipaint.com/register.html]
[dsipaint.com/images/patreon.png]
[dsipaint.com/images/btn_donate_SM.gif]
[dsipaint.com/images/icons/icon_blogs.png]
[dsipaint.com/blog/index.html]
[dsipaint.com/forum/index.html]
[dsipaint.com/images/icons/icon_bulletin_boards.png]
[dsipaint.com/menu_chatrooms.html]
[dsipaint.com/images/icons/icon_chat_rooms.png]
[dsipaint.com/images/icons/icon_dsipaint.png]
[dsipaint.com/paint/index.html]
[dsipaint.com/menu_dsipaint_spriter.html]
[dsipaint.com/images/icons/icon_dsipaint_spriter.png]
[dsipaint.com/menu_games.html]
[dsipaint.com/images/icons/icon_games.png]
[dsipaint.com/menu_gameshows.html]
[dsipaint.com/images/icons/icon_gameshow.png]
[dsipaint.com/images/icons/icon_groups.png]
[dsipaint.com/group/index.html]
[dsipaint.com/images/icons/icon_helpdesk.png]
[dsipaint.com/menu_library.html]
[dsipaint.com/images/icons/icon_library.png]
[dsipaint.com/helpdesk/index.html]
[dsipaint.com/patrons.html]
[dsipaint.com/images/icons/icon_patron.png]
[dsipaint.com/images/icons/icon_polls.png]
[dsipaint.com/poll/index.html]
[dsipaint.com/menu_saviis.html]
[dsipaint.com/images/icons/icon_saviis.png]
[dsipaint.com/member/search.html]
[dsipaint.com/images/icons/icon_login.png]
[dsipaint.com/menu_tmj.html]
[dsipaint.com/images/icons/icon_tmj.png]
[dsipaint.com/menu_links.html]
[dsipaint.com/images/icons/icon_links.png]
[dsipaint.com/images/icons/icon_hullbreach.png]
[dsipaint.com/images/icons/icon_3dspaint.png]
[dsipaint.com/images/icons/icon_hbs.png]
[twitter-badges.s3.amazonaws.com/follow_us-a.png]
[dsipaint.com/images/icons/icon_defense_dome.png]
[dsipaint.com/images/icons/icon_sdk_paint.png]
[dsipaint.com/images/icons/icon_sdk_spriter.png]
[dsipaint.com/hullbreachstudios.com]
[dsipaint.com/images/icons/icon_tomeling_in_trouble.png]
[dsipaint.com/GET]
[dsipaint.com/index.html]
[dsipaint.com/includes/ajax.section.my_alert_popup.html]
[dsipaint.com/register.html]
[dsipaint.com/terms.html]
[dsipaint.com/apple-touch-icon.png]
[dsipaint.com/images/rating_rp32.png]
[dsipaint.com/images/new.png]
[dsipaint.com/blog/index9a21.html]
[dsipaint.com/blog/indexb0da.html]
[dsipaint.com/blog/view2c19.html]
[dsipaint.com/images/rating_t32.png]
[dsipaint.com/blog/viewe04e.html]
[dsipaint.com/member/index681a.html]
[dsipaint.com/member/index83a3.html]
[dsipaint.com/blog/view805f.html]
[dsipaint.com/images/rating_m32.png]
[dsipaint.com/member/index146f.html]
[dsipaint.com/blog/view1a46.html]
[dsipaint.com/member/index8f11.html]
[dsipaint.com/blog/view37c0.html]
[dsipaint.com/blog/view2f3c.html]
[dsipaint.com/member/indexef8b.html]
[dsipaint.com/blog/viewe020.html]
[dsipaint.com/member/index7182.html]
[dsipaint.com/blog/view63ba.html]
[dsipaint.com/blog/view1123.html]
[dsipaint.com/blog/view575f.html]
[dsipaint.com/member/index9b32.html]
[dsipaint.com/images/rating_e32.png]
[dsipaint.com/member/index2fb6.html]
[dsipaint.com/blog/view166e.html]
[dsipaint.com/blog/view9b9c.html]
[dsipaint.com/member/indexfb6e.html]
[dsipaint.com/blog/view1e40.html]
[dsipaint.com/blog/view4714.html]
[dsipaint.com/member/index1157.html]
[dsipaint.com/blog/view87ae.html]
[dsipaint.com/blog/viewd4fb.html]
[dsipaint.com/blog/view1086.html]
[dsipaint.com/blog/view816b.html]
[dsipaint.com/blog/view7035.html]
[dsipaint.com/blog/view672f.html]
[dsipaint.com/member/indexd6b8.html]
[dsipaint.com/blog/viewe33e.html]
[dsipaint.com/blog/view3f4f.html]
[dsipaint.com/blog/view26ae.html]
[dsipaint.com/member/indexd0b1.html]
[dsipaint.com/blog/view1aaa.html]
[dsipaint.com/blog/view20ee.html]
[dsipaint.com/blog/guidelines.html]
[dsipaint.com/blogsearch.html]
[dsipaint.com/images/icons/icon_home.png]
[dsipaint.com/blog/GET]
[dsipaint.com/blog/index.html]
[dsipaint.com/forum/topic681a.html]
[dsipaint.com/forum/topicd61c.html]
[dsipaint.com/forum/topic5255.html]
[dsipaint.com/forum/topic190a.html]
[dsipaint.com/forum/topicf41b.html]
[dsipaint.com/forum/topic8803.html]
[dsipaint.com/forum/topic0b30.html]
[dsipaint.com/forum/topic3a9f.html]
[dsipaint.com/forum/topicc3c9.html]
[dsipaint.com/forum/topic6e03.html]
[dsipaint.com/forum/topic87f1.html]
[dsipaint.com/forum/topic7429.html]
[dsipaint.com/forum/topic2728.html]
[dsipaint.com/forum/topic4ef9.html]
[dsipaint.com/forum/topicd708.html]
[dsipaint.com/forum/topic0055.html]
[dsipaint.com/forum/topicdcfd.html]
[dsipaint.com/forum/GET]
[dsipaint.com/forum/index.html]
[dsipaint.com/menu_chatrooms5663.html]
[dsipaint.com/chatroom/index3a7a.html]
[dsipaint.com/chatroom/index3219.html]
[dsipaint.com/chatroom/index8729.html]
[dsipaint.com/chatroom/indexd190.html]
[dsipaint.com/chatroom/indexf021.html]
[dsipaint.com/chatroom/index45c0.html]
[dsipaint.com/chatroom/index834f.html]
[dsipaint.com/chatroom/index084e.html]
[dsipaint.com/chatroom/indexf162.html]
[dsipaint.com/chatroom/index8382.html]
[dsipaint.com/chatroom/index54ca.html]
[dsipaint.com/chatroom/index8acf.html]
[dsipaint.com/chatroom/index116f.html]
[dsipaint.com/menu_chatrooms.html]
[dsipaint.com/chatroom/indexa172.html]
[dsipaint.com/chatroom/index7ca8.html]
[dsipaint.com/paint/album784a.html]
[dsipaint.com/images/art_gallery/237503.png]
[dsipaint.com/paint/dsipaint.html]
[dsipaint.com/paint/demo.zip]
[dsipaint.com/paint/gallery.html]
[dsipaint.com/paint/images/icons/icon_dsipaint_gallery.png]
[dsipaint.com/paint/top10_rolodex.html]
[dsipaint.com/paint/images/icons/icon_dsipaint_rolodex.png]
[dsipaint.com/paint/slideshow.html]
[dsipaint.com/paint/top10.html]
[dsipaint.com/paint/index.html]
[dsipaint.com/paint/images/icons/icon_dsipaint_top10.png]
[dsipaint.com/paint/dsipaint_spriter.html]
[dsipaint.com/images/sprite_gallery/38485.png]
[dsipaint.com/menu_dsipaint_spriter.html]
[dsipaint.com/paint/dsipaint_spriter_top10.html]
[dsipaint.com/games/dsimystery/index.html]
[dsipaint.com/images/icons/icon_dsimystery.png]
[dsipaint.com/images/icons/icon_minco_says.png]
[dsipaint.com/images/icons/icon_overlords.png]
[dsipaint.com/games/minco_says/index.html]
[dsipaint.com/images/icons/icon_saviislots.png]
[dsipaint.com/games/overlords/index.html]
[dsipaint.com/images/icons/icon_wak-a_skunk.png]
[dsipaint.com/images/icons/icon_yortzee.png]
[dsipaint.com/games/wakaskunk/index.html]
[dsipaint.com/games/yortzee/index.html]
[dsipaint.com/images/icons/icon_mazeofblogs.png]
[dsipaint.com/menu_games.html]
[dsipaint.com/index-2.html]
[dsipaint.com/images/art_gallery/227547.png]
[dsipaint.com/images/art_gallery/231103.png]
[dsipaint.com/member/indexc131.html]
[dsipaint.com/images/art_gallery/198725.png]
[dsipaint.com/member/indexfb01.html]
[dsipaint.com/images/art_gallery/185562.png]
[dsipaint.com/member/indexe310.html]
[dsipaint.com/images/art_gallery/196530.png]
[dsipaint.com/member/indexeea1.html]
[dsipaint.com/halloween_2009.php]
[dsipaint.com/winning_terms.html]
[dsipaint.com/menu_gameshows.html]
[dsipaint.com/member/indexdb4d.html]
[dsipaint.com/group/GET]
[dsipaint.com/member/index49cd.html]
[dsipaint.com/group/index467f.html]
[dsipaint.com/group/index70bf.html]
[dsipaint.com/member/index97a5.html]
[dsipaint.com/group/index3110.html]
[dsipaint.com/member/index3605.html]
[dsipaint.com/group/index10ec.html]
[dsipaint.com/member/index21d2.html]
[dsipaint.com/group/indexf066.html]
[dsipaint.com/member/indexd70e.html]
[dsipaint.com/group/index8a05.html]
[dsipaint.com/member/indexbb7c.html]
[dsipaint.com/group/index3a3d.html]
[dsipaint.com/member/index002c.html]
[dsipaint.com/member/index1639.html]
[dsipaint.com/group/index9137.html]
[dsipaint.com/group/indexa64d.html]
[dsipaint.com/group/index1710.html]
[dsipaint.com/member/indexd1a0.html]
[dsipaint.com/member/index8e76.html]
[dsipaint.com/group/indexe5d9.html]
[dsipaint.com/member/indexa2c3.html]
[dsipaint.com/group/index9b2b.html]
[dsipaint.com/member/index1569.html]
[dsipaint.com/group/index60a2.html]
[dsipaint.com/group/index8fa2.html]
[dsipaint.com/member/index1438.html]
[dsipaint.com/group/indexa3c4.html]
[dsipaint.com/member/indexb76a.html]
[dsipaint.com/group/indexed9f.html]
[dsipaint.com/member/index61a2.html]
[dsipaint.com/group/indexc922.html]
[dsipaint.com/group/index.html]
[dsipaint.com/group/indexa6fe.html]
[dsipaint.com/member/index5d7b.html]
[dsipaint.com/member/indexc666.html]
[dsipaint.com/group/indexe246.html]
[dsipaint.com/group/index704d.html]
[dsipaint.com/helpdesk/GET.c1.delayed]
[dsipaint.com/member/index8e4b.html]
[dsipaint.com/helpdesk/faqs6396.html]
[dsipaint.com/helpdesk/faqs7df0.html]
[dsipaint.com/helpdesk/faqsab5e.html]
[dsipaint.com/helpdesk/faqs1e35.html]
[dsipaint.com/helpdesk/faqscdef.html]
[dsipaint.com/helpdesk/faqs4411.html]
[dsipaint.com/helpdesk/faqsf62c.html]
[dsipaint.com/helpdesk/faqs40ac.html]
[dsipaint.com/helpdesk/faqsd5e8.html]
[dsipaint.com/helpdesk/faqsef73.html]
[dsipaint.com/helpdesk/faqsdac1.html]
[dsipaint.com/helpdesk/faqs6fb5.html]
[dsipaint.com/helpdesk/faqs95dc.html]
[dsipaint.com/helpdesk/faqs5255.html]
[dsipaint.com/helpdesk/faqs8803.html]
[dsipaint.com/helpdesk/faqsd61c.html]
[dsipaint.com/helpdesk/faqsdcfd.html]
[dsipaint.com/helpdesk/faqsd708.html]
[dsipaint.com/helpdesk/faqs0b30.html]
[dsipaint.com/helpdesk/faqs681a.html]
[dsipaint.com/helpdesk/view0649.html]
[dsipaint.com/member/index0d57.html]
[dsipaint.com/helpdesk/viewa9e2.html]
[dsipaint.com/helpdesk/viewf9c9.html]
[dsipaint.com/member/index96d6.html]
[dsipaint.com/helpdesk/view2cf0.html]
[dsipaint.com/helpdesk/viewc03e.html]
[dsipaint.com/member/index385f.html]
[dsipaint.com/helpdesk/view5754.html]
[dsipaint.com/member/indexaf5e.html]
[dsipaint.com/helpdesk/viewb434.html]
[dsipaint.com/helpdesk/viewba01.html]
[dsipaint.com/member/index5e9b.html]
[dsipaint.com/helpdesk/viewb7b2.html]
[dsipaint.com/helpdesk/view25e8.html]
[dsipaint.com/member/indexff57.html]
[dsipaint.com/member/indexadc1.html]
[dsipaint.com/helpdesk/viewb722.html]
[dsipaint.com/helpdesk/view6a3f.html]
[dsipaint.com/helpdesk/viewe75c.html]
[dsipaint.com/helpdesk/view52a1.html]
[dsipaint.com/member/indexbff3.html]
[dsipaint.com/helpdesk/view09b5.html]
[dsipaint.com/helpdesk/view10da.html]
[dsipaint.com/helpdesk/view073f.html]
[dsipaint.com/helpdesk/view36d9.html]
[dsipaint.com/helpdesk/view4b03.html]
[dsipaint.com/helpdesk/viewae61.html]
[dsipaint.com/helpdesk/view27d1.html]
[dsipaint.com/member/indexbc19.html]
[dsipaint.com/helpdesk/view67b1.html]
[dsipaint.com/helpdesk/view1d66.html]
[dsipaint.com/helpdesk/viewac09.html]
[dsipaint.com/helpdesk/viewcadb.html]
[dsipaint.com/helpdesk/viewc60e.html]
[dsipaint.com/helpdesk/viewf887.html]
[dsipaint.com/member/indexc02c.html]
[dsipaint.com/helpdesk/view6316.html]
[dsipaint.com/member/index0ede.html]
[dsipaint.com/helpdesk/view5a5a.html]
[dsipaint.com/helpdesk/view1738.html]
[dsipaint.com/helpdesk/viewdd1d.html]
[dsipaint.com/helpdesk/view641a.html]
[dsipaint.com/helpdesk/view80be.html]
[dsipaint.com/member/index196c.html]
[dsipaint.com/helpdesk/view0651.html]
[dsipaint.com/helpdesk/view9f73.html]
[dsipaint.com/member/indexc1dd.html]
[dsipaint.com/helpdesk/viewd159.html]
[dsipaint.com/helpdesk/viewc815.html]
[dsipaint.com/helpdesk/view6edd.html]
[dsipaint.com/helpdesk/view4368.html]
[dsipaint.com/helpdesk/view9a77.html]
[dsipaint.com/helpdesk/viewa15b.html]
[dsipaint.com/helpdesk/view204e.html]
[dsipaint.com/helpdesk/viewe0b2.html]
[dsipaint.com/helpdesk/view3eba.html]
[dsipaint.com/helpdesk/view4847.html]
[dsipaint.com/helpdesk/view9f53.html]
[dsipaint.com/helpdesk/view59e3.html]
[dsipaint.com/member/index8a58.html]
[dsipaint.com/helpdesk/view8e0b.html]
[dsipaint.com/helpdesk/viewfccd.html]
[dsipaint.com/helpdesk/viewabab.html]
[dsipaint.com/helpdesk/view60f8.html]
[dsipaint.com/helpdesk/view0514.html]
[dsipaint.com/helpdesk/view824c.html]
[dsipaint.com/helpdesk/view59ce.html]
[dsipaint.com/helpdesk/viewee94.html]
[dsipaint.com/helpdesk/viewaee1.html]
[dsipaint.com/helpdesk/view9815.html]
[dsipaint.com/helpdesk/viewddea.html]
[dsipaint.com/helpdesk/view36b0.html]
[dsipaint.com/member/indexf034.html]
[dsipaint.com/helpdesk/view6385.html]
[dsipaint.com/helpdesk/view7a15.html]
[dsipaint.com/member/index8d51.html]
[dsipaint.com/helpdesk/viewb930.html]
[dsipaint.com/helpdesk/view3440.html]
[dsipaint.com/helpdesk/view0b15.html]
[dsipaint.com/helpdesk/viewc4eb.html]
[dsipaint.com/helpdesk/view4884.html]
[dsipaint.com/helpdesk/view8131.html]
[dsipaint.com/helpdesk/view52c0.html]
[dsipaint.com/member/indexa222.html]
[dsipaint.com/helpdesk/viewbe6c.html]
[dsipaint.com/helpdesk/viewc53b.html]
[dsipaint.com/helpdesk/view9167.html]
[dsipaint.com/helpdesk/viewec8b.html]
[dsipaint.com/helpdesk/viewb429.html]
[dsipaint.com/helpdesk/view70e4.html]
[dsipaint.com/helpdesk/view8330.html]
[dsipaint.com/helpdesk/viewd33c.html]
[dsipaint.com/helpdesk/view1ce8.html]
[dsipaint.com/member/index704f.html]
[dsipaint.com/helpdesk/viewb8f9.html]
[dsipaint.com/helpdesk/view16d4.html]
[dsipaint.com/helpdesk/view12bb.html]
[dsipaint.com/helpdesk/view362f.html]
[dsipaint.com/helpdesk/viewce4e.html]
[dsipaint.com/helpdesk/viewdc09.html]
[dsipaint.com/helpdesk/view88d5.html]
[dsipaint.com/helpdesk/view7f98.html]
[dsipaint.com/helpdesk/viewb097.html]
[dsipaint.com/member/index617c.html]
[dsipaint.com/helpdesk/viewf269.html]
[dsipaint.com/helpdesk/viewc799.html]
[dsipaint.com/helpdesk/view4c65.html]
[dsipaint.com/helpdesk/view2c4f.html]
[dsipaint.com/helpdesk/viewce11.html]
[dsipaint.com/helpdesk/viewb1a8.html]
[dsipaint.com/helpdesk/view1b08.html]
[dsipaint.com/helpdesk/view1c85.html]
[dsipaint.com/helpdesk/viewdd47.html]
[dsipaint.com/helpdesk/view2643.html]
[dsipaint.com/helpdesk/view03e7.html]
[dsipaint.com/helpdesk/view2fc6.html]
[dsipaint.com/helpdesk/view7d42.html]
[dsipaint.com/helpdesk/view1d77.html]
[dsipaint.com/helpdesk/viewec7d.html]
[dsipaint.com/helpdesk/view8fe4.html]
[dsipaint.com/member/indexf718.html]
[dsipaint.com/helpdesk/view019e.html]
[dsipaint.com/helpdesk/viewf88c.html]
[dsipaint.com/helpdesk/view7811.html]
[dsipaint.com/helpdesk/view485d.html]
[dsipaint.com/helpdesk/view3272.html]
[dsipaint.com/helpdesk/view690c.html]
[dsipaint.com/member/index9fdf.html]
[dsipaint.com/helpdesk/vieweae7.html]
[dsipaint.com/helpdesk/view7eb5.html]
[dsipaint.com/helpdesk/view3e4c.html]
[dsipaint.com/helpdesk/view3ec0.html]
[dsipaint.com/helpdesk/view983d.html]
[dsipaint.com/helpdesk/view16ce.html]
[dsipaint.com/helpdesk/view6be1.html]
[dsipaint.com/helpdesk/view943f.html]
[dsipaint.com/helpdesk/view96cb.html]
[dsipaint.com/helpdesk/view4971.html]
[dsipaint.com/helpdesk/view178d.html]
[dsipaint.com/helpdesk/view827b.html]
[dsipaint.com/helpdesk/view36f4.html]
[dsipaint.com/helpdesk/view0c28.html]
[dsipaint.com/member/index7600.html]
[dsipaint.com/helpdesk/view5f9b.html]
[dsipaint.com/helpdesk/view10d3.html]
[dsipaint.com/helpdesk/view852e.html]
[dsipaint.com/helpdesk/viewb346.html]
[dsipaint.com/helpdesk/view80fd.html]
[dsipaint.com/helpdesk/viewb7d0.html]
[dsipaint.com/member/indexc3df.html]
[dsipaint.com/helpdesk/view720b.html]
[dsipaint.com/helpdesk/view9969.html]
[dsipaint.com/helpdesk/view5ef8.html]
[dsipaint.com/helpdesk/viewdc40.html]
[dsipaint.com/helpdesk/view4e82.html]
[dsipaint.com/helpdesk/view5e0e.html]
[dsipaint.com/helpdesk/viewfa25.html]
[dsipaint.com/helpdesk/viewe270.html]
[dsipaint.com/helpdesk/view658b.html]
[dsipaint.com/helpdesk/view4020.html]
[dsipaint.com/helpdesk/view07a0.html]
[dsipaint.com/helpdesk/viewc727.html]
[dsipaint.com/helpdesk/view71db.html]
[dsipaint.com/helpdesk/viewe07c.html]
[dsipaint.com/helpdesk/viewce13.html]
[dsipaint.com/helpdesk/view0e9e.html]
[dsipaint.com/helpdesk/viewea7a.html]
[dsipaint.com/helpdesk/viewb260.html]
[dsipaint.com/helpdesk/viewc8b3.html]
[dsipaint.com/helpdesk/viewd73e.html]
[dsipaint.com/helpdesk/view84f1.html]
[dsipaint.com/helpdesk/viewf199.html]
[dsipaint.com/member/indexc22b.html]
[dsipaint.com/helpdesk/view1176.html]
[dsipaint.com/helpdesk/view0e36.html]
[dsipaint.com/helpdesk/view651c.html]
[dsipaint.com/helpdesk/view8aea.html]
[dsipaint.com/member/index9601.html]
[dsipaint.com/helpdesk/viewbf5b.html]
[dsipaint.com/helpdesk/view553c.html]
[dsipaint.com/helpdesk/viewbac7.html]
[dsipaint.com/helpdesk/viewb65a.html]
[dsipaint.com/helpdesk/view2412.html]
[dsipaint.com/helpdesk/view40e3.html]
[dsipaint.com/helpdesk/view3709.html]
[dsipaint.com/helpdesk/view6eb2.html]
[dsipaint.com/helpdesk/view9838.html]
[dsipaint.com/helpdesk/view72a6.html]
[dsipaint.com/helpdesk/view3134.html]
[dsipaint.com/helpdesk/viewf430.html]
[dsipaint.com/helpdesk/view2c5d.html]
[dsipaint.com/helpdesk/view34ee.html]
[dsipaint.com/helpdesk/viewebb7.html]
[dsipaint.com/helpdesk/view4b3c.html]
[dsipaint.com/helpdesk/viewd8da.html]
[dsipaint.com/helpdesk/view3cdb.html]
[dsipaint.com/helpdesk/view7f3b.html]
[dsipaint.com/helpdesk/viewc99b.html]
[dsipaint.com/helpdesk/viewbf06.html]
[dsipaint.com/helpdesk/viewe131.html]
[dsipaint.com/helpdesk/view5697.html]
[dsipaint.com/helpdesk/viewe131-2.html]
[dsipaint.com/helpdesk/viewba46.html]
[dsipaint.com/helpdesk/view6723.html]
[dsipaint.com/helpdesk/view0264.html]
[dsipaint.com/helpdesk/viewbac6.html]
[dsipaint.com/helpdesk/view59be.html]
[dsipaint.com/helpdesk/viewb32f.html]
[dsipaint.com/helpdesk/view6711.html]
[dsipaint.com/helpdesk/view55bb.html]
[dsipaint.com/helpdesk/view1d4c.html]
[dsipaint.com/helpdesk/viewc897.html]
[dsipaint.com/helpdesk/view3f85.html]
[dsipaint.com/helpdesk/view3cd6.html]
[dsipaint.com/helpdesk/viewf51d.html]
[dsipaint.com/helpdesk/viewe69b.html]
[dsipaint.com/helpdesk/viewaab9.html]
[dsipaint.com/helpdesk/viewac72.html]
[dsipaint.com/helpdesk/viewaf80.html]
[dsipaint.com/helpdesk/view5be6.html]
[dsipaint.com/helpdesk/viewf099.html]
[dsipaint.com/helpdesk/view3a37.html]
[dsipaint.com/helpdesk/view3736.html]
[dsipaint.com/helpdesk/viewb41d.html]
[dsipaint.com/helpdesk/view02f8.html]
[dsipaint.com/helpdesk/view0924.html]
[dsipaint.com/member/index9231.html]
[dsipaint.com/helpdesk/viewa7af.html]
[dsipaint.com/helpdesk/view7a33.html]
[dsipaint.com/helpdesk/viewc4d4.html]
[dsipaint.com/helpdesk/view2909.html]
[dsipaint.com/helpdesk/viewee3b.html]
[dsipaint.com/member/index606b.html]
[dsipaint.com/helpdesk/view1ed0.html]
[dsipaint.com/helpdesk/view88e8.html]
[dsipaint.com/helpdesk/view9a95.html]
[dsipaint.com/helpdesk/view3d7b.html]
[dsipaint.com/helpdesk/viewd500.html]
[dsipaint.com/helpdesk/viewf4f6.html]
[dsipaint.com/helpdesk/view8da5.html]
[dsipaint.com/member/index00ce.html]
[dsipaint.com/helpdesk/viewe8b3.html]
[dsipaint.com/helpdesk/view97df.html]
[dsipaint.com/helpdesk/viewe8c5.html]
[dsipaint.com/member/indexbe99.html]
[dsipaint.com/helpdesk/viewa4b9.html]
[dsipaint.com/helpdesk/view07b6.html]
[dsipaint.com/helpdesk/view771d.html]
[dsipaint.com/helpdesk/viewf6f6.html]
[dsipaint.com/helpdesk/view29a6.html]
[dsipaint.com/helpdesk/view5540.html]
[dsipaint.com/member/index13fc.html]
[dsipaint.com/member/indexa778.html]
[dsipaint.com/helpdesk/view4e74.html]
[dsipaint.com/member/index9ab9.html]
[dsipaint.com/helpdesk/view979f.html]
[dsipaint.com/helpdesk/viewb991.html]
[dsipaint.com/helpdesk/viewa9fe.html]
[dsipaint.com/helpdesk/view03be.html]
[dsipaint.com/helpdesk/viewca2e.html]
[dsipaint.com/helpdesk/view137d.html]
[dsipaint.com/helpdesk/view8183.html]
[dsipaint.com/member/indexf3ac.html]
[dsipaint.com/helpdesk/viewd439.html]
[dsipaint.com/helpdesk/view3007.html]
[dsipaint.com/helpdesk/view631e.html]
[dsipaint.com/helpdesk/view3440-2.html]
[dsipaint.com/helpdesk/view28e5.html]
[dsipaint.com/helpdesk/view2ba5.html]
[dsipaint.com/helpdesk/view183f.html]
[dsipaint.com/helpdesk/view3630.html]
[dsipaint.com/helpdesk/viewf2e5.html]
[dsipaint.com/helpdesk/viewcb95.html]
[dsipaint.com/helpdesk/viewdc29.html]
[dsipaint.com/helpdesk/view221c.html]
[dsipaint.com/helpdesk/view8b84.html]
[dsipaint.com/helpdesk/viewf49d.html]
[dsipaint.com/helpdesk/viewb993.html]
[dsipaint.com/helpdesk/view9429.html]
[dsipaint.com/member/index2b65.html]
[dsipaint.com/helpdesk/viewd9e2.html]
[dsipaint.com/helpdesk/view224f.html]
[dsipaint.com/helpdesk/view2275.html]
[dsipaint.com/helpdesk/view7915.html]
[dsipaint.com/helpdesk/view5065.html]
[dsipaint.com/helpdesk/view6439.html]
[dsipaint.com/helpdesk/view574e.html]
[dsipaint.com/helpdesk/view3546.html]
[dsipaint.com/helpdesk/view3a54.html]
[dsipaint.com/helpdesk/view14a2.html]
[dsipaint.com/helpdesk/view0528.html]
[dsipaint.com/helpdesk/view0bf8.html]
[dsipaint.com/helpdesk/view9569.html]
[dsipaint.com/helpdesk/view0993.html]
[dsipaint.com/helpdesk/view9e5f.html]
[dsipaint.com/helpdesk/viewbc89.html]
[dsipaint.com/helpdesk/view107c.html]
[dsipaint.com/helpdesk/view5700.html]
[dsipaint.com/helpdesk/view1ee6.html]
[dsipaint.com/member/index50aa.html]
[dsipaint.com/helpdesk/view3f07.html]
[dsipaint.com/helpdesk/viewd1cb.html]
[dsipaint.com/helpdesk/view8e8b.html]
[dsipaint.com/helpdesk/view5b35.html]
[dsipaint.com/helpdesk/view44bb.html]
[dsipaint.com/helpdesk/view1553.html]
[dsipaint.com/helpdesk/viewb39e.html]
[dsipaint.com/helpdesk/view36a8.html]
[dsipaint.com/helpdesk/viewd82a.html]
[dsipaint.com/helpdesk/view73e0.html]
[dsipaint.com/helpdesk/viewcc16.html]
[dsipaint.com/helpdesk/viewa57a.html]
[dsipaint.com/helpdesk/view0133.html]
[dsipaint.com/helpdesk/view519a.html]
[dsipaint.com/helpdesk/view2360.html]
[dsipaint.com/helpdesk/view6258.html]
[dsipaint.com/helpdesk/view2fc4.html]
[dsipaint.com/helpdesk/view2a46.html]
[dsipaint.com/helpdesk/viewf8aa.html]
[dsipaint.com/helpdesk/viewaf22.html]
[dsipaint.com/helpdesk/view089d.html]
[dsipaint.com/helpdesk/viewd7de.html]
[dsipaint.com/helpdesk/view2e53.html]
[dsipaint.com/helpdesk/view2aaa.html]
[dsipaint.com/helpdesk/view6da9.html]
[dsipaint.com/helpdesk/viewf3a6.html]
[dsipaint.com/helpdesk/viewe4bb.html]
[dsipaint.com/member/indexf002.html]
[dsipaint.com/helpdesk/viewf151.html]
[dsipaint.com/helpdesk/view17da.html]
[dsipaint.com/helpdesk/view2a13.html]
[dsipaint.com/helpdesk/view32f2.html]
[dsipaint.com/helpdesk/viewe806.html]
[dsipaint.com/helpdesk/viewec7c.html]
[dsipaint.com/helpdesk/index.html]
[dsipaint.com/library/images/wood.png]
[dsipaint.com/library/images/library_logo.png]
[dsipaint.com/member/indexbf8e.html]
[dsipaint.com/library/book_reader4bfa.html]
[dsipaint.com/images/upload_gallery/10248_thumb.jpg]
[dsipaint.com/library/book_reader6406.html]
[dsipaint.com/images/upload_gallery/4972_thumb.jpg]
[dsipaint.com/library/book_reader8c88.html]
[dsipaint.com/images/upload_gallery/4200_thumb.jpg]
[dsipaint.com/library/book_readerf8ff.html]
[dsipaint.com/images/upload_gallery/3856_thumb.jpg]
[dsipaint.com/library/book_reader457d.html]
[dsipaint.com/images/upload_gallery/3645_thumb.jpg]
[dsipaint.com/library/book_reader1c92.html]
[dsipaint.com/images/upload_gallery/3549_thumb.jpg]
[dsipaint.com/library/book_readerd474.html]
[dsipaint.com/images/upload_gallery/3331_thumb.jpg]
[dsipaint.com/library/book_readerc4aa.html]
[dsipaint.com/images/upload_gallery/3326_thumb.jpg]
[dsipaint.com/library/book_reader8bdc.html]
[dsipaint.com/images/upload_gallery/3303_thumb.jpg]
[dsipaint.com/library/book_reader5ea3.html]
[dsipaint.com/images/upload_gallery/3294_thumb.jpg]
[dsipaint.com/library/book_reader6978.html]
[dsipaint.com/images/upload_gallery/2903_thumb.jpg]
[dsipaint.com/library/book_reader918c.html]
[dsipaint.com/images/upload_gallery/3250_thumb.jpg]
[dsipaint.com/library/book_reader5de8.html]
[dsipaint.com/images/upload_gallery/3040_thumb.jpg]
[dsipaint.com/library/book_readerce60.html]
[dsipaint.com/images/upload_gallery/3045_thumb.jpg]
[dsipaint.com/library/book_readere67b.html]
[dsipaint.com/images/upload_gallery/3037_thumb.jpg]
[dsipaint.com/menu_library.html]
[dsipaint.com/images/badges/patron2big.gif]
[dsipaint.com/images/badges/patron5big.gif]
[dsipaint.com/member/indexd6bf.html]
[dsipaint.com/member/indexfa63.html]
[dsipaint.com/member/index2928.html]
[dsipaint.com/member/indexa47e.html]
[dsipaint.com/member/indexd123.html]
[dsipaint.com/member/index6632.html]
[dsipaint.com/member/index7fc4.html]
[dsipaint.com/patrons.html]
[dsipaint.com/member/indexee90.html]
[dsipaint.com/poll/view6e08.html]
[dsipaint.com/member/indexb722.html]
[dsipaint.com/poll/index3018.html]
[dsipaint.com/poll/index9a21.html]
[dsipaint.com/poll/view6c34.html]
[dsipaint.com/member/indexc4d4.html]
[dsipaint.com/poll/view1270.html]
[dsipaint.com/poll/view5a7c.html]
[dsipaint.com/member/index1c40.html]
[dsipaint.com/poll/view668f.html]
[dsipaint.com/member/index4451.html]
[dsipaint.com/poll/view3431.html]
[dsipaint.com/poll/view81cd.html]
[dsipaint.com/poll/viewda0f.html]
[dsipaint.com/poll/viewd7e0.html]
[dsipaint.com/poll/view7704.html]
[dsipaint.com/poll/viewfbce.html]
[dsipaint.com/poll/view117a.html]
[dsipaint.com/poll/view9af1.html]
[dsipaint.com/poll/view09d5.html]
[dsipaint.com/poll/viewb1b8.html]
[dsipaint.com/poll/view23f2.html]
[dsipaint.com/poll/viewddf3.html]
[dsipaint.com/poll/view8970.html]
[dsipaint.com/poll/viewadcf.html]
[dsipaint.com/poll/view823e.html]
[dsipaint.com/poll/view94b6.html]
[dsipaint.com/poll/view7993.html]
[dsipaint.com/poll/view318d.html]
[dsipaint.com/poll/viewe02e.html]
[dsipaint.com/poll/vieweff8.html]
[dsipaint.com/poll/GET]
[dsipaint.com/poll/index.html]
[dsipaint.com/poll/index7441.html]
[dsipaint.com/poll/indexc00f.html]
[dsipaint.com/saviis/savii_auction_listings.html]
[dsipaint.com/saviis/images/icons/icon_auction.png]
[dsipaint.com/saviis/savii_creator.html]
[dsipaint.com/saviis/images/icons/icon_creator.png]
[dsipaint.com/saviis/images/icons/icon_contests.png]
[dsipaint.com/saviis/savii_marketplace.html]
[dsipaint.com/saviis/images/icons/icon_marketplace.png]
[dsipaint.com/saviis/savii_gallery.html]
[dsipaint.com/saviis/images/icons/icon_gallery.png]
[dsipaint.com/menu_saviis.html]
[dsipaint.com/member/GET]
[dsipaint.com/member/search.html]
[dsipaint.com/tmj/images/walking_characters.png]
[dsipaint.com/tmj/tmj_book1.html]
[dsipaint.com/tmj/tmj_teaser1.html]
[dsipaint.com/images/icons/icon_tmjteaser1.png]
[dsipaint.com/tmj/tmj_teaser2.html]
[dsipaint.com/images/icons/icon_tmjteaser2.png]
[dsipaint.com/tmj/tmj_teaser3.html]
[dsipaint.com/images/icons/icon_tmjteaser3.png]
[dsipaint.com/tmj/oldmanskunk/shop.html]
[dsipaint.com/images/icons/icon_oldmanskunk.png]
[dsipaint.com/tmj/tmj_teaser5.html]
[dsipaint.com/images/icons/icon_tmjteaser5.png]
[dsipaint.com/tmj/tmj_teaser6.html]
[dsipaint.com/images/icons/icon_tmjteaser6.png]
[dsipaint.com/tmj/tmj_mt_hildar.html]
[dsipaint.com/images/icons/icon_tmjmthildar.png]
[dsipaint.com/tmj/images/coliseum_map.png]
[dsipaint.com/images/icons/icon_tmjmthildarmap.png]
[dsipaint.com/tmj/tmj_npc_test.html]
[dsipaint.com/images/icons/icon_tmjnpctest.png]
[dsipaint.com/images/icons/icon_tmjpvp.png]
[dsipaint.com/tmj/tmj_beastiary.html]
[dsipaint.com/images/icons/icon_tmj_beastiary.png]
[dsipaint.com/tmj/tmj_characters.html]
[dsipaint.com/images/icons/icon_tmj_characters.png]
[dsipaint.com/tmj/item_database.html]
[dsipaint.com/images/icons/icon_tmj_items.png]
[dsipaint.com/menu_tmj.html]
[dsipaint.com/member/index41bb.html]
[dsipaint.com/member/index166c.html]
[dsipaint.com/member/indexec75.html]
[dsipaint.com/menu_links.html]
[dsipaint.com/hullbreachstudios.html]
[dsipaint.com/GET.html]
[dsipaint.com/includes/ajax.section.my_alert_popup.html]
[dsipaint.com/terms.html]
[dsipaint.com/member/index3c20.html]
[dsipaint.com/blog/viewb362.html]
[dsipaint.com/member/index2936.html]
[dsipaint.com/blog/index6ad6.html]
[dsipaint.com/blog/indexdfd9.html]
[dsipaint.com/blog/viewbfb9.html]
[dsipaint.com/blog/viewe83e.html]
[dsipaint.com/blog/viewe5e1.html]
[dsipaint.com/blog/view8e2a.html]
[dsipaint.com/blog/viewaee8.html]
[dsipaint.com/blog/view5967.html]
[dsipaint.com/member/indexa900.html]
[dsipaint.com/blog/view3daa.html]
[dsipaint.com/blog/viewaea5.html]
[dsipaint.com/blog/view0608.html]
[dsipaint.com/blog/view9637.html]
[dsipaint.com/blog/view8034.html]
[dsipaint.com/blog/view252c.html]
[dsipaint.com/blog/view113b.html]
[dsipaint.com/blog/view12b8.html]
[dsipaint.com/blog/view9f50.html]
[dsipaint.com/blog/viewf980.html]
[dsipaint.com/blog/view2c88.html]
[dsipaint.com/blog/viewb612.html]
[dsipaint.com/blog/view18df.html]
[dsipaint.com/blog/viewb52f.html]
[dsipaint.com/blog/viewc608.html]
[dsipaint.com/blog/view53ee.html]
[dsipaint.com/blog/viewdbf0.html]
[dsipaint.com/blog/index9a21.html]
[dsipaint.com/blog/viewcc37.html]
[dsipaint.com/blog/indexb0da.html]
[dsipaint.com/blog/view4411.html]
[dsipaint.com/images/art_gallery/174170.png]
[dsipaint.com/images/art_gallery/247403.png]
[dsipaint.com/blog/indexc324.html]
[dsipaint.com/images/art_gallery/246930.png]
[dsipaint.com/images/art_gallery/17.png]
[dsipaint.com/images/art_gallery/246575.png]
[dsipaint.com/images/art_gallery/247340.png]
[dsipaint.com/images/art_gallery/247116.png]
[dsipaint.com/images/icons/icon_back.png]
[dsipaint.com/blog/view2c19.html]
[dsipaint.com/member/POST]
[dsipaint.com/includes/ajax_comment_save.html]
[dsipaint.com/member/images/art_gallery/43481.png]
[dsipaint.com/chatroom/images/badlaa.jpg]
[dsipaint.com/images/backgrounds/background19.png]
[dsipaint.com/saviis/savii_gallery/3.png]
[dsipaint.com/images/upload_gallery/66.jpg]
[dsipaint.com/images/upload_gallery/66_thumb.jpg]
[dsipaint.com/member/index0b30.html]
[dsipaint.com/member/timeline681a.html]
[dsipaint.com/member/comments681a.html]
[dsipaint.com/saviis/savii_gallery8b91.html]
[dsipaint.com/blog/indexfacd.html]
[dsipaint.com/poll/indexfacd.html]
[dsipaint.com/member/page025f.html]
[dsipaint.com/images/badges/author5.png]
[dsipaint.com/images/badges/courier2.png]
[dsipaint.com/images/badges/digitizer0.png]
[dsipaint.com/images/badges/mincosays.png]
[dsipaint.com/images/badges/overlords.png]
[dsipaint.com/images/badges/socialite3.png]
[dsipaint.com/images/badges/wakaskunk.png]
[dsipaint.com/images/badges/yortzee.png]
[dsipaint.com/images/art_gallery/247406.png]
[dsipaint.com/images/art_gallery/168343.png]
[dsipaint.com/images/art_gallery/247156.png]
[dsipaint.com/images/art_gallery/246675.png]
[dsipaint.com/member/index681a.html]
[dsipaint.com/images/art_gallery/247409.png]
[dsipaint.com/member/index04a7.html]
[dsipaint.com/images/art_gallery/244741.png]
[dsipaint.com/blog/viewe04e.html]
[dsipaint.com/images/backgrounds/background12.png]
[dsipaint.com/images/upload_gallery/16937.jpg]
[dsipaint.com/images/upload_gallery/16937_thumb.jpg]
[dsipaint.com/member/timeline83a3.html]
[dsipaint.com/member/comments83a3.html]
[dsipaint.com/saviis/savii_gallery5f33.html]
[dsipaint.com/blog/index16ee.html]
[dsipaint.com/member/page919c.html]
[dsipaint.com/poll/index16ee.html]
[dsipaint.com/member/page3a58.html]
[dsipaint.com/member/page98e7.html]
[dsipaint.com/images/badges/author1.png]
[dsipaint.com/images/badges/courier4.png]
[dsipaint.com/images/badges/socialite4.png]
[dsipaint.com/avatars_site/9.png]
[dsipaint.com/images/art_gallery/235384.png]
[dsipaint.com/member/index0587.html]
[dsipaint.com/avatars_site/17.png]
[dsipaint.com/member/index83a3.html]
[dsipaint.com/images/art_gallery/247388.png]
[dsipaint.com/blog/view805f.html]
[dsipaint.com/member/index30cf.html]
[dsipaint.com/images/upload_gallery/17215.jpg]
[dsipaint.com/images/upload_gallery/17059.jpg]
[dsipaint.com/images/upload_gallery/17216.jpg]
[dsipaint.com/images/upload_gallery/17163.jpg]
[dsipaint.com/images/upload_gallery/16697.jpg]
[dsipaint.com/saviis/savii_gallery/32605.png]
[dsipaint.com/member/timeline146f.html]
[dsipaint.com/member/comments146f.html]
[dsipaint.com/saviis/savii_galleryf350.html]
[dsipaint.com/poll/index7484.html]
[dsipaint.com/blog/index7484.html]
[dsipaint.com/member/page4bc4.html]
[dsipaint.com/member/page053b.html]
[dsipaint.com/member/pagec4ec.html]
[dsipaint.com/member/page7eb9.html]
[dsipaint.com/member/page7fab.html]
[dsipaint.com/member/pagef01e.html]
[dsipaint.com/member/pagef403.html]
[dsipaint.com/member/pagef4f4.html]
[dsipaint.com/member/page9a02.html]
[dsipaint.com/member/pageb909.html]
[dsipaint.com/member/pagecd48.html]
[dsipaint.com/member/page1760.html]
[dsipaint.com/member/pagef2d9.html]
[dsipaint.com/images/upload_gallery/17211.jpg]
[dsipaint.com/images/upload_gallery/17211_thumb.jpg]
[dsipaint.com/images/upload_gallery/17217.jpg]
[dsipaint.com/images/upload_gallery/17217_thumb.jpg]
[dsipaint.com/images/upload_gallery/17185.jpg]
[dsipaint.com/images/upload_gallery/17185_thumb.jpg]
[dsipaint.com/member/index146f.html]
[dsipaint.com/images/art_gallery/245931.png]
[dsipaint.com/blog/view1a46.html]
[dsipaint.com/images/upload_gallery/11752.jpg]
[dsipaint.com/images/upload_gallery/11752_thumb.jpg]
[dsipaint.com/member/timeline8f11.html]
[dsipaint.com/member/comments8f11.html]
[dsipaint.com/saviis/savii_gallery8959.html]
[dsipaint.com/blog/index769a.html]
[dsipaint.com/images/badges/courier1.png]
[dsipaint.com/chatrooms/smilies/aliensmirk.gif]
[dsipaint.com/images/art_gallery/233714.png]
[dsipaint.com/member/index8f11.html]
[dsipaint.com/images/art_gallery/247359.png]
[dsipaint.com/images/art_gallery/246862.png]
[dsipaint.com/member/index3cc2.html]
[dsipaint.com/images/art_gallery/1.png]
[dsipaint.com/member/indexdaa5.html]
[dsipaint.com/images/art_gallery/243043.png]
[dsipaint.com/member/indexc219.html]
[dsipaint.com/images/art_gallery/8.png]
[dsipaint.com/blog/view37c0.html]
[dsipaint.com/images/upload_gallery/15743.jpg]
[dsipaint.com/images/upload_gallery/15743_thumb.jpg]
[dsipaint.com/blog/view2f3c.html]
[3dspaint.com/images/upload_gallery/12523.jpg]
[dsipaint.com/member/pagead66.html]
[i.imgur.com/9FjeLpr.gif]
[compote.slate.com/images/e215b527-a335-4674-89ee-3145892c8737.jpg]
[3dspaint.com/images/upload_gallery/17107.jpg]
[3dspaint.com/images/upload_gallery/16006.jpg]
[3dspaint.com/images/upload_gallery/15594.jpg]
[dsipaint.com/images/upload_gallery/17108.jpg]
[dsipaint.com/images/upload_gallery/17108_thumb.jpg]
[dsipaint.com/group/page3f95.html]
[dsipaint.com/member/timelineef8b.html]
[dsipaint.com/group/indexe8b3.html]
[dsipaint.com/member/commentsef8b.html]
[dsipaint.com/saviis/savii_gallery04dd.html]
[dsipaint.com/blog/indexeeff.html]
[dsipaint.com/member/page7717.html]
[dsipaint.com/poll/indexeeff.html]
[dsipaint.com/member/pagecbd7.html]
[dsipaint.com/member/pagedad9.html]
[dsipaint.com/member/page0747.html]
[dsipaint.com/member/pagedcbd.html]
[dsipaint.com/images/badges/author3.png]
[dsipaint.com/images/badges/courier6.png]
[dsipaint.com/images/badges/socialite6.png]
[dsipaint.com/member/indexef8b.html]
[dsipaint.com/blog/viewe020.html]
[dsipaint.com/images/upload_gallery/16491.jpg]
[dsipaint.com/images/upload_gallery/16492.jpg]
[dsipaint.com/images/upload_gallery/16060.jpg]
[dsipaint.com/images/upload_gallery/17057.jpg]
[dsipaint.com/images/upload_gallery/15819.jpg]
[dsipaint.com/images/upload_gallery/15819_thumb.jpg]
[dsipaint.com/member/timeline7182.html]
[dsipaint.com/member/comments7182.html]
[dsipaint.com/saviis/savii_gallery2b61.html]
[dsipaint.com/poll/index7463.html]
[dsipaint.com/blog/index7463.html]
[dsipaint.com/member/page3445.html]
[dsipaint.com/member/pagec80c.html]
[dsipaint.com/member/page3dde.html]
[dsipaint.com/images/badges/author2.png]
[dsipaint.com/images/badges/courier5.png]
[dsipaint.com/member/index7182.html]
[dsipaint.com/images/art_gallery/246735.png]
[dsipaint.com/chatrooms/smilies/alien1.gif]
[dsipaint.com/blog/view63ba.html]
[dsipaint.com/images/art_gallery/244380.png]
[dsipaint.com/images/art_gallery/244923.png]
[dsipaint.com/blog/view1123.html]
[dsipaint.com/images/art_gallery/247345.png]
[dsipaint.com/member/indexb6fe.html]
[dsipaint.com/images/art_gallery/247354.png]
[dsipaint.com/images/art_gallery/247353.png]
[dsipaint.com/images/upload_gallery/777.jpg]
[dsipaint.com/images/upload_gallery/16533.jpg]
[dsipaint.com/images/art_gallery/247173.png]
[dsipaint.com/images/art_gallery/247362.png]
[dsipaint.com/images/art_gallery/247363.png]
[dsipaint.com/member/timeline9b32.html]
[dsipaint.com/member/comments9b32.html]
[dsipaint.com/saviis/savii_galleryc4e1.html]
[dsipaint.com/blog/index0374.html]
[dsipaint.com/poll/index0374.html]
[dsipaint.com/member/page750c.html]
[dsipaint.com/images/badges/socialite2.png]
[dsipaint.com/member/index9b32.html]
[dsipaint.com/images/upload_gallery/9727.jpg]
[dsipaint.com/images/upload_gallery/9727_thumb.jpg]
[dsipaint.com/images/upload_gallery/10045.jpg]
[dsipaint.com/images/upload_gallery/10045_thumb.jpg]
[dsipaint.com/images/upload_gallery/9550.jpg]
[dsipaint.com/images/upload_gallery/9550_thumb.jpg]
[dsipaint.com/images/upload_gallery/12359.jpg]
[dsipaint.com/images/upload_gallery/12359_thumb.jpg]
[dsipaint.com/images/art_gallery/246572.png]
[dsipaint.com/images/art_gallery/246926.png]
[dsipaint.com/chatrooms/smilies/alien2.gif]
[dsipaint.com/member/index12a4.html]
[dsipaint.com/images/upload_gallery/497.jpg]
[dsipaint.com/images/upload_gallery/497_thumb.jpg]
[dsipaint.com/blog/view575f.html]
[3dspaint.com/images/upload_gallery/9548.jpg]
[i.imgur.com/tL3XADB.png]
[i.imgur.com/icXqXEC.gif]
[i.imgur.com/fksxjfH.jpg]
[dsipaint.com/images/backgrounds/background6.png]
[i.imgur.com/nBVowUR.gif]
[dsipaint.com/images/upload_gallery/15745.jpg]
[dsipaint.com/images/upload_gallery/15745_thumb.jpg]
[3dspaint.com/images/upload_gallery/10817.jpg]
[dsipaint.com/images/upload_gallery/9454.jpg]
[dsipaint.com/images/upload_gallery/9454_thumb.jpg]
[3dspaint.com/images/upload_gallery/9846.jpg]
[dsipaint.com/images/upload_gallery/12685_thumb.jpg]
[dsipaint.com/images/upload_gallery/9479.jpg]
[dsipaint.com/images/upload_gallery/9479_thumb.jpg]
[dsipaint.com/images/upload_gallery/10738.jpg]
[dsipaint.com/images/upload_gallery/10738_thumb.jpg]
[dsipaint.com/group/index4558.html]
[dsipaint.com/member/index51bf.html]
[dsipaint.com/member/index82bf.html]
[dsipaint.com/member/indexd8d9.html]
[dsipaint.com/group/indexf9da.html]
[dsipaint.com/group/index8180.html]
[dsipaint.com/images/art_gallery/242618.png]
[dsipaint.com/group/index9fe9.html]
[dsipaint.com/images/upload_gallery/12263.jpg]
[dsipaint.com/group/index9f73.html]
[dsipaint.com/images/upload_gallery/12263_thumb.jpg]
[dsipaint.com/images/upload_gallery/9481.jpg]
[dsipaint.com/group/indexf430.html]
[dsipaint.com/images/upload_gallery/9481_thumb.jpg]
[dsipaint.com/images/upload_gallery/16942.jpg]
[dsipaint.com/images/upload_gallery/16942_thumb.jpg]
[dsipaint.com/images/upload_gallery/15565.jpg]
[dsipaint.com/images/upload_gallery/15565_thumb.jpg]
[dsipaint.com/images/upload_gallery/10817.jpg]
[dsipaint.com/images/upload_gallery/10817_thumb.jpg]
[dsipaint.com/images/upload_gallery/9456.jpg]
[dsipaint.com/images/upload_gallery/9456_thumb.jpg]
[dsipaint.com/images/upload_gallery/9847.jpg]
[dsipaint.com/images/upload_gallery/9847_thumb.jpg]
[i.imgur.com/JEhG6ws.png]
[dsipaint.com/images/upload_gallery/11365.jpg]
[dsipaint.com/images/upload_gallery/11365_thumb.jpg]
[dsipaint.com/images/upload_gallery/11948.jpg]
[dsipaint.com/images/upload_gallery/11948_thumb.jpg]
[dsipaint.com/images/upload_gallery/9580.jpg]
[dsipaint.com/images/upload_gallery/9580_thumb.jpg]
[dsipaint.com/member/indexfbea.html]
[dsipaint.com/member/indexba71.html]
[dsipaint.com/member/index4d14.html]
[dsipaint.com/member/index349f.html]
[dsipaint.com/member/indexa4f2.html]
[dsipaint.com/member/indexe9da.html]
[dsipaint.com/member/index69a8.html]
[dsipaint.com/member/index74c3.html]
[dsipaint.com/member/index1d40.html]
[dsipaint.com/member/indexa1c6.html]
[dsipaint.com/member/index65d0.html]
[dsipaint.com/member/indexd709.html]
[dsipaint.com/images/upload_gallery/9478.jpg]
[dsipaint.com/member/indexaa42.html]
[dsipaint.com/images/upload_gallery/9478_thumb.jpg]
[dsipaint.com/member/index8565.html]
[dsipaint.com/images/upload_gallery/9483.jpg]
[dsipaint.com/images/upload_gallery/9483_thumb.jpg]
[dsipaint.com/images/art_gallery/246664.png]
[dsipaint.com/images/upload_gallery/9610.jpg]
[dsipaint.com/images/upload_gallery/9610_thumb.jpg]
[dsipaint.com/images/upload_gallery/12523.jpg]
[dsipaint.com/images/upload_gallery/12523_thumb.jpg]
[dsipaint.com/images/upload_gallery/16051.jpg]
[dsipaint.com/images/upload_gallery/16051_thumb.jpg]
[dsipaint.com/images/upload_gallery/9488.jpg]
[dsipaint.com/images/upload_gallery/9488_thumb.jpg]
[dsipaint.com/images/upload_gallery/9538.jpg]
[dsipaint.com/images/upload_gallery/9538_thumb.jpg]
[dsipaint.com/images/upload_gallery/11984.jpg]
[dsipaint.com/images/upload_gallery/11984_thumb.jpg]
[3dspaint.com/images/upload_gallery/11014.jpg]
[3dspaint.com/images/upload_gallery/11366.jpg]
[dsipaint.com/images/upload_gallery/9455.jpg]
[dsipaint.com/images/upload_gallery/9455_thumb.jpg]
[dsipaint.com/member/timeline2fb6.html]
[dsipaint.com/member/comments2fb6.html]
[dsipaint.com/saviis/savii_gallery941d.html]
[dsipaint.com/blog/indexef1e.html]
[dsipaint.com/poll/indexef1e.html]
[dsipaint.com/member/page595a.html]
[dsipaint.com/member/pageb6b3.html]
[dsipaint.com/member/pagea977.html]
[dsipaint.com/member/pagee626.html]
[dsipaint.com/member/pageb1ba.html]
[dsipaint.com/member/page1708.html]
[dsipaint.com/member/pagea305.html]
[dsipaint.com/member/pagecdb5.html]
[dsipaint.com/images/badges/author4.png]
[dsipaint.com/chatrooms/smilies/alien16.gif]
[dsipaint.com/images/upload_gallery/969.jpg]
[dsipaint.com/images/upload_gallery/969_thumb.jpg]
[dsipaint.com/images/upload_gallery/17007.jpg]
[dsipaint.com/images/upload_gallery/17007_thumb.jpg]
[dsipaint.com/images/upload_gallery/17008.jpg]
[dsipaint.com/images/upload_gallery/17008_thumb.jpg]
[dsipaint.com/member/index2fb6.html]
[dsipaint.com/images/upload_gallery/9882.jpg]
[dsipaint.com/images/upload_gallery/9882_thumb.jpg]
[dsipaint.com/images/upload_gallery/10964.jpg]
[dsipaint.com/images/upload_gallery/10964_thumb.jpg]
[dsipaint.com/images/art_gallery/245875.png]
[dsipaint.com/images/art_gallery/245239.png]
[dsipaint.com/member/indexdf4a.html]
[dsipaint.com/images/art_gallery/246563.png]
[dsipaint.com/blog/view166e.html]
[dsipaint.com/member/index1a64.html]
[dsipaint.com/images/upload_gallery/16996.jpg]
[dsipaint.com/blog/view83eb.html]
[dsipaint.com/images/upload_gallery/16996_thumb.jpg]
[dsipaint.com/images/upload_gallery/16997.jpg]
[dsipaint.com/images/upload_gallery/16997_thumb.jpg]
[dsipaint.com/images/art_gallery/9.png]
[dsipaint.com/blog/view9b9c.html]
[dsipaint.com/images/upload_gallery/16871.jpg]
[dsipaint.com/images/upload_gallery/16255.jpg]
[dsipaint.com/images/upload_gallery/16741.jpg]
[dsipaint.com/images/upload_gallery/17221.jpg]
[dsipaint.com/images/upload_gallery/15929.jpg]
[dsipaint.com/images/upload_gallery/17099.jpg]
[dsipaint.com/images/upload_gallery/17099_thumb.jpg]
[dsipaint.com/images/upload_gallery/17123.jpg]
[dsipaint.com/images/upload_gallery/17123_thumb.jpg]
[dsipaint.com/member/timelinefb6e.html]
[dsipaint.com/member/commentsfb6e.html]
[dsipaint.com/saviis/savii_gallery7b7f.html]
[dsipaint.com/member/page9159.html]
[dsipaint.com/blog/index4421.html]
[dsipaint.com/poll/index4421.html]
[dsipaint.com/member/pageccc4.html]
[dsipaint.com/member/page7973.html]
[dsipaint.com/member/pagecab5.html]
[dsipaint.com/member/paged41c.html]
[dsipaint.com/member/page355e.html]
[dsipaint.com/images/badges/socialite7.png]
[dsipaint.com/member/indexfb6e.html]
[dsipaint.com/blog/view1e40.html]
[dsipaint.com/blog/view4714.html]
[dsipaint.com/member/index63c9.html]
[dsipaint.com/member/timeline1157.html]
[dsipaint.com/member/indexa82d.html]
[dsipaint.com/member/comments1157.html]
[dsipaint.com/saviis/savii_gallery0500.html]
[dsipaint.com/blog/indexad14.html]
[dsipaint.com/poll/indexad14.html]
[dsipaint.com/member/page9014.html]
[dsipaint.com/member/page9a4c.html]
[dsipaint.com/images/badges/author0.png]
[dsipaint.com/images/badges/socialite1.png]
[dsipaint.com/member/index1157.html]
[dsipaint.com/blog/view87ae.html]
[dsipaint.com/images/art_gallery/241458.png]
[dsipaint.com/blog/viewd4fb.html]
[dsipaint.com/member/index4a5e.html]
[dsipaint.com/blog/view1086.html]
[dsipaint.com/blog/view816b.html]
[dsipaint.com/blog/view7035.html]
[dsipaint.com/member/index261b.html]
[dsipaint.com/images/art_gallery/11.png]
[dsipaint.com/member/index6ff8.html]
[dsipaint.com/images/art_gallery/239729.png]
[dsipaint.com/blog/view672f.html]
[dsipaint.com/member/index1a80.html]
[dsipaint.com/images/backgrounds/background15.png]
[dsipaint.com/member/index5ee7.html]
[dsipaint.com/saviis/savii_gallery/19254.png]
[dsipaint.com/member/timelined6b8.html]
[dsipaint.com/member/commentsd6b8.html]
[dsipaint.com/saviis/savii_galleryeac1.html]
[dsipaint.com/poll/indexbd8f.html]
[dsipaint.com/blog/indexbd8f.html]
[dsipaint.com/images/badges/digitizer2.png]
[dsipaint.com/images/art_gallery/244581.png]
[dsipaint.com/images/art_gallery/143175.png]
[dsipaint.com/images/art_gallery/226593.png]
[dsipaint.com/member/index8128.html]
[dsipaint.com/member/indexd6b8.html]
[dsipaint.com/blog/viewe33e.html]
[dsipaint.com/blog/view3f4f.html]
[dsipaint.com/blog/view26ae.html]
[dsipaint.com/saviis/savii_gallery/32180.png]
[dsipaint.com/member/index47fc.html]
[dsipaint.com/member/timelined0b1.html]
[dsipaint.com/member/commentsd0b1.html]
[dsipaint.com/saviis/savii_gallerycbf4.html]
[dsipaint.com/poll/index47c0.html]
[dsipaint.com/blog/index47c0.html]
[dsipaint.com/member/page6f36.html]
[dsipaint.com/member/pagea696.html]
[dsipaint.com/images/badges/courier3.png]
[dsipaint.com/images/badges/socialite5.png]
[dsipaint.com/images/art_gallery/242900.png]
[dsipaint.com/images/art_gallery/247047.png]
[dsipaint.com/member/indexd0b1.html]
[dsipaint.com/blog/view1aaa.html]
[dsipaint.com/member/indexd44e.html]
[dsipaint.com/images/art_gallery/232843.png]
[dsipaint.com/blog/view20ee.html]
[dsipaint.com/images/upload_gallery/620.jpg]
[dsipaint.com/images/upload_gallery/620_thumb.jpg]
[3dspaint.com/images/logo.png]
[dsipaint.com/blog/guidelines.html]
[dsipaint.com/blogsearch.html]
[dsipaint.com/blog/GET.html]
[dsipaint.com/member/indexb436.html]
[dsipaint.com/forum/topic025f.html]
[dsipaint.com/forum/topic3d58.html]
[dsipaint.com/forum/images/sticky.png]
[dsipaint.com/forum/thread3fe5.html]
[dsipaint.com/forum/thread7f7f.html]
[dsipaint.com/forum/thread55db.html]
[dsipaint.com/forum/thread07af.html]
[dsipaint.com/forum/threadd4c5.html]
[dsipaint.com/forum/thread13db.html]
[dsipaint.com/forum/threadaa3b.html]
[dsipaint.com/forum/thread21ef.html]
[dsipaint.com/forum/thread4c7d.html]
[dsipaint.com/forum/thread406d.html]
[dsipaint.com/forum/thread6ca6.html]
[dsipaint.com/forum/thread63f9.html]
[dsipaint.com/forum/thread0aaf.html]
[dsipaint.com/forum/thread93bb.html]
[dsipaint.com/forum/thread0f0d.html]
[dsipaint.com/forum/threadfbef.html]
[dsipaint.com/forum/threadd51c.html]
[dsipaint.com/forum/threadc605.html]
[dsipaint.com/forum/thread20e8.html]
[dsipaint.com/forum/images/locked.png]
[dsipaint.com/forum/topic681a.html]
[dsipaint.com/forum/threada15e.html]
[dsipaint.com/forum/topic08e9.html]
[dsipaint.com/forum/topicfdc9.html]
[dsipaint.com/forum/thread44c1.html]
[dsipaint.com/forum/threadb4dd.html]
[dsipaint.com/forum/thread230c.html]
[dsipaint.com/forum/thread4a62.html]
[dsipaint.com/forum/thread7620.html]
[dsipaint.com/forum/thread576f.html]
[dsipaint.com/forum/thread8245.html]
[dsipaint.com/forum/thread597b.html]
[dsipaint.com/forum/thread4e4e.html]
[dsipaint.com/forum/threadc884.html]
[dsipaint.com/forum/threadc4ca.html]
[dsipaint.com/forum/thread8500.html]
[dsipaint.com/forum/thread5111.html]
[dsipaint.com/forum/threaddcfd.html]
[dsipaint.com/forum/threadcab0.html]
[dsipaint.com/forum/threadae2a.html]
[dsipaint.com/forum/thread5a6d.html]
[dsipaint.com/forum/thread5194.html]
[dsipaint.com/forum/thread6bc3.html]
[dsipaint.com/forum/topicd61c.html]
[dsipaint.com/forum/thread7cfe.html]
[dsipaint.com/member/index824e.html]
[dsipaint.com/forum/topic3189.html]
[dsipaint.com/forum/topic2991.html]
[dsipaint.com/forum/threadc8a0.html]
[dsipaint.com/forum/thread2c34.html]
[dsipaint.com/forum/thread7416.html]
[dsipaint.com/forum/thread5755.html]
[dsipaint.com/forum/thread16ce.html]
[dsipaint.com/forum/thread2c1f.html]
[dsipaint.com/forum/threadb4a5.html]
[dsipaint.com/forum/threade131.html]
[dsipaint.com/forum/threade979.html]
[dsipaint.com/forum/threadcfe4.html]
[dsipaint.com/forum/thread1fc4.html]
[dsipaint.com/forum/thread5728.html]
[dsipaint.com/forum/threaddb12.html]
[dsipaint.com/forum/thread5169.html]
[dsipaint.com/forum/threadf501.html]
[dsipaint.com/forum/threade7d8.html]
[dsipaint.com/member/index6f76.html]
[dsipaint.com/forum/thread286f.html]
[dsipaint.com/member/index8882.html]
[dsipaint.com/forum/thread050c.html]
[dsipaint.com/forum/topic5255.html]
[dsipaint.com/forum/thread1247.html]
[dsipaint.com/forum/thread652f.html]
[dsipaint.com/forum/threadb74e.html]
[dsipaint.com/forum/threade50b.html]
[dsipaint.com/forum/thread56c6.html]
[dsipaint.com/forum/threadc68f.html]
[dsipaint.com/forum/thread6130.html]
[dsipaint.com/forum/threade450.html]
[dsipaint.com/forum/threadefa4.html]
[dsipaint.com/forum/topic190a.html]
[dsipaint.com/forum/threadfdca.html]
[dsipaint.com/forum/topic7af7.html]
[dsipaint.com/forum/topic73e9.html]
[dsipaint.com/forum/threadb694.html]
[dsipaint.com/forum/thread1efb.html]
[dsipaint.com/forum/thread706c.html]
[dsipaint.com/forum/thread2c70.html]
[dsipaint.com/forum/threadcc00.html]
[dsipaint.com/forum/threade5c3.html]
[dsipaint.com/forum/thread9215.html]
[dsipaint.com/forum/thread0974.html]
[dsipaint.com/forum/threadb1b1.html]
[dsipaint.com/forum/threada80d.html]
[dsipaint.com/forum/threadf316.html]
[dsipaint.com/forum/thread0681.html]
[dsipaint.com/forum/threadc6cf.html]
[dsipaint.com/forum/threadaa64.html]
[dsipaint.com/forum/thread349e.html]
[dsipaint.com/forum/thread8f58.html]
[dsipaint.com/forum/thread8c08.html]
[dsipaint.com/forum/thread070a.html]
[dsipaint.com/member/index5d06.html]
[dsipaint.com/forum/thread6e3c.html]
[dsipaint.com/member/indexebb6.html]
[dsipaint.com/member/index8d2d.html]
[dsipaint.com/forum/threada68f.html]
[dsipaint.com/forum/topicf41b.html]
[dsipaint.com/forum/topic2e4f.html]
[dsipaint.com/member/index711f.html]
[dsipaint.com/forum/topice311.html]
[dsipaint.com/forum/thread7735.html]
[dsipaint.com/forum/threadc4f2.html]
[dsipaint.com/forum/thread6305.html]
[dsipaint.com/forum/thread6d06.html]
[dsipaint.com/forum/thread8fd1.html]
[dsipaint.com/forum/thread3219.html]
[dsipaint.com/forum/thread7738.html]
[dsipaint.com/forum/threaddeae.html]
[dsipaint.com/forum/thread9e08.html]
[dsipaint.com/forum/threada0bc.html]
[dsipaint.com/forum/thread9083.html]
[dsipaint.com/forum/threade089.html]
[dsipaint.com/forum/thread9caf.html]
[dsipaint.com/forum/thread7eba.html]
[dsipaint.com/forum/threada164.html]
[dsipaint.com/forum/threadb010.html]
[dsipaint.com/forum/threadc015.html]
[dsipaint.com/forum/thread4725.html]
[dsipaint.com/forum/threadd669.html]
[dsipaint.com/forum/topic8803.html]
[dsipaint.com/forum/thread9e89.html]
[dsipaint.com/forum/topica4ec.html]
[dsipaint.com/forum/topic211b.html]
[dsipaint.com/forum/thread4c2d.html]
[dsipaint.com/forum/threade585.html]
[dsipaint.com/forum/threadce7c.html]
[dsipaint.com/forum/thread0eaf.html]
[dsipaint.com/forum/threadacb8.html]
[dsipaint.com/forum/threadd845.html]
[dsipaint.com/forum/thread32b1.html]
[dsipaint.com/forum/threadf46c.html]
[dsipaint.com/forum/threadcc87.html]
[dsipaint.com/forum/thread3b65.html]
[dsipaint.com/forum/threadd098.html]
[dsipaint.com/forum/threadfc4f.html]
[dsipaint.com/forum/thread87a0.html]
[dsipaint.com/forum/thread3d85.html]
[dsipaint.com/forum/threadd709.html]
[dsipaint.com/forum/thread53ab.html]
[dsipaint.com/forum/thread737b.html]
[dsipaint.com/forum/threadae29.html]
[dsipaint.com/forum/threadd3d2.html]
[dsipaint.com/forum/threadf684.html]
[dsipaint.com/forum/topic0b30.html]
[dsipaint.com/member/index4703.html]
[dsipaint.com/forum/topic673b.html]
[dsipaint.com/forum/topic2c12.html]
[dsipaint.com/forum/threaddccf.html]
[dsipaint.com/forum/thread2233.html]
[dsipaint.com/forum/thread6d93.html]
[dsipaint.com/forum/thread5eba.html]
[dsipaint.com/forum/thread3e0e.html]
[dsipaint.com/forum/thread1db4.html]
[dsipaint.com/forum/thread4ad4.html]
[dsipaint.com/forum/threade4ae.html]
[dsipaint.com/forum/thread763a.html]
[dsipaint.com/forum/thread3a7c.html]
[dsipaint.com/forum/threada51f.html]
[dsipaint.com/forum/threadef47.html]
[dsipaint.com/forum/thread1750.html]
[dsipaint.com/forum/thread049a.html]
[dsipaint.com/forum/thread498b.html]
[dsipaint.com/forum/threade80b.html]
[dsipaint.com/forum/threadf73f.html]
[dsipaint.com/forum/thread845c.html]
[dsipaint.com/forum/thread6247.html]
[dsipaint.com/forum/topic3a9f.html]
[dsipaint.com/forum/thread8461.html]
[dsipaint.com/forum/topic4404.html]
[dsipaint.com/forum/topic2df2.html]
[dsipaint.com/forum/threadf342.html]
[dsipaint.com/forum/threadb7b4.html]
[dsipaint.com/forum/thread301a.html]
[dsipaint.com/forum/thread31d0.html]
[dsipaint.com/forum/threadbc9f.html]
[dsipaint.com/forum/threadbdab.html]
[dsipaint.com/forum/threadc980.html]
[dsipaint.com/forum/thread137d.html]
[dsipaint.com/forum/threadf877.html]
[dsipaint.com/forum/threada4e9.html]
[dsipaint.com/forum/threada484.html]
[dsipaint.com/forum/thread976f.html]
[dsipaint.com/forum/threade414.html]
[dsipaint.com/forum/threadcce2.html]
[dsipaint.com/forum/threade866.html]
[dsipaint.com/forum/threadcc31.html]
[dsipaint.com/forum/thread8a52.html]
[dsipaint.com/forum/threada3ae.html]
[dsipaint.com/forum/threadab1f.html]
[dsipaint.com/forum/topicc3c9.html]
[dsipaint.com/forum/thread3a92.html]
[dsipaint.com/forum/topic2fae.html]
[dsipaint.com/forum/thread3a0f.html]
[dsipaint.com/forum/thread7727.html]
[dsipaint.com/forum/threadb80f.html]
[dsipaint.com/forum/threadab8c.html]
[dsipaint.com/forum/threadc497.html]
[dsipaint.com/forum/thread9042.html]
[dsipaint.com/forum/threadbc51.html]
[dsipaint.com/forum/thread4c30.html]
[dsipaint.com/forum/threadfdd2.html]
[dsipaint.com/forum/thread319e.html]
[dsipaint.com/forum/thread3ec7.html]
[dsipaint.com/forum/thread9df6.html]
[dsipaint.com/forum/threadf9e4.html]
[dsipaint.com/forum/thread5c56.html]
[dsipaint.com/forum/threadf4b8.html]
[dsipaint.com/forum/threadb235.html]
[dsipaint.com/forum/threadf9da.html]
[dsipaint.com/forum/thread3818.html]
[dsipaint.com/forum/threadfec4.html]
[dsipaint.com/forum/topic6e03.html]
[dsipaint.com/forum/threadbb41.html]
[dsipaint.com/forum/topicf065.html]
[dsipaint.com/forum/topice269.html]
[dsipaint.com/forum/thread428d.html]
[dsipaint.com/forum/threaded1b.html]
[dsipaint.com/forum/thread3263.html]
[dsipaint.com/forum/thread779c.html]
[dsipaint.com/forum/threadd3bc.html]
[dsipaint.com/forum/thread8232.html]
[dsipaint.com/forum/thread8d76.html]
[dsipaint.com/forum/thread0e0c.html]
[dsipaint.com/forum/thread879c.html]
[dsipaint.com/forum/thread1ff1.html]
[dsipaint.com/forum/thread092e.html]
[dsipaint.com/forum/thread7a3a.html]
[dsipaint.com/forum/thread122b.html]
[dsipaint.com/forum/threadc853.html]
[dsipaint.com/forum/thread3745.html]
[dsipaint.com/forum/threadc355.html]
[dsipaint.com/forum/thread3880.html]
[dsipaint.com/forum/thread0e18.html]
[dsipaint.com/forum/threadcfdd.html]
[dsipaint.com/member/indexa00b.html]
[dsipaint.com/forum/topic87f1.html]
[dsipaint.com/forum/thread40a5.html]
[dsipaint.com/forum/topicedf4.html]
[dsipaint.com/forum/topic4e9e.html]
[dsipaint.com/forum/thread5595.html]
[dsipaint.com/forum/threadfa22.html]
[dsipaint.com/forum/thread07ad.html]
[dsipaint.com/forum/threadee1e.html]
[dsipaint.com/forum/threadeada.html]
[dsipaint.com/forum/thread4ee3.html]
[dsipaint.com/forum/thread3d95.html]
[dsipaint.com/forum/thread5a40.html]
[dsipaint.com/forum/thread6598.html]
[dsipaint.com/forum/threadd411.html]
[dsipaint.com/forum/thread2d86.html]
[dsipaint.com/forum/threadad5d.html]
[dsipaint.com/forum/thread04a7.html]
[dsipaint.com/forum/thread7f77.html]
[dsipaint.com/forum/thread5849.html]
[dsipaint.com/forum/threadeeed.html]
[dsipaint.com/forum/threadb635.html]
[dsipaint.com/forum/threadbac6.html]
[dsipaint.com/forum/thread720d.html]
[dsipaint.com/forum/thread5a4f.html]
[dsipaint.com/forum/topic7429.html]
[dsipaint.com/member/index33c6.html]
[dsipaint.com/forum/topic81ce.html]
[dsipaint.com/forum/thread62c4.html]
[dsipaint.com/forum/thread4dbb.html]
[dsipaint.com/forum/thread1a1b.html]
[dsipaint.com/forum/thread6102.html]
[dsipaint.com/forum/thread09b7.html]
[dsipaint.com/forum/thread7762.html]
[dsipaint.com/forum/thread559a.html]
[dsipaint.com/forum/thread81d9.html]
[dsipaint.com/forum/thread2a23.html]
[dsipaint.com/forum/thread2776.html]
[dsipaint.com/forum/threadb1da.html]
[dsipaint.com/forum/threadb866.html]
[dsipaint.com/forum/thread9adf.html]
[dsipaint.com/forum/thread56e9.html]
[dsipaint.com/forum/thread9f54.html]
[dsipaint.com/forum/thread55d9.html]
[dsipaint.com/forum/thread947f.html]
[dsipaint.com/forum/thread73e1.html]
[dsipaint.com/forum/thread8bb6.html]
[dsipaint.com/forum/topic2728.html]
[dsipaint.com/forum/thread0246.html]
[dsipaint.com/forum/thread437b.html]
[dsipaint.com/forum/thread8982.html]
[dsipaint.com/forum/thread88ab.html]
[dsipaint.com/forum/threadca08.html]
[dsipaint.com/forum/thread60a2.html]
[dsipaint.com/forum/thread7c66.html]
[dsipaint.com/forum/threadda95.html]
[dsipaint.com/forum/threadd159.html]
[dsipaint.com/forum/thread7b99.html]
[dsipaint.com/forum/threada3fe.html]
[dsipaint.com/forum/threadcbe9.html]
[dsipaint.com/forum/thread983d.html]
[dsipaint.com/forum/topic4ef9.html]
[dsipaint.com/forum/topicc6e5.html]
[dsipaint.com/member/index7b05.html]
[dsipaint.com/forum/topice0f4.html]
[dsipaint.com/forum/thread3e15.html]
[dsipaint.com/forum/threadd96c.html]
[dsipaint.com/forum/thread2585.html]
[dsipaint.com/forum/thread65c6.html]
[dsipaint.com/forum/thread7ffd.html]
[dsipaint.com/forum/thread753f.html]
[dsipaint.com/forum/threadcf46.html]
[dsipaint.com/forum/thread1fd9.html]
[dsipaint.com/forum/thread1fdc.html]
[dsipaint.com/forum/thread645e.html]
[dsipaint.com/forum/threadfefd.html]
[dsipaint.com/forum/thread00f1.html]
[dsipaint.com/forum/thread348b.html]
[dsipaint.com/forum/thread6c70.html]
[dsipaint.com/forum/thread866f.html]
[dsipaint.com/forum/thread3082.html]
[dsipaint.com/forum/thread3a36.html]
[dsipaint.com/forum/thread088b.html]
[dsipaint.com/forum/thread1a60.html]
[dsipaint.com/forum/topicd708.html]
[dsipaint.com/forum/thread686a.html]
[dsipaint.com/forum/topic7ea3.html]
[dsipaint.com/forum/topic8316.html]
[dsipaint.com/forum/thread7b28.html]
[dsipaint.com/forum/threadd6ba.html]
[dsipaint.com/forum/thread1fc0.html]
[dsipaint.com/forum/thread7ead.html]
[dsipaint.com/forum/threadddd0.html]
[dsipaint.com/forum/thread86cc.html]
[dsipaint.com/forum/thread2d84.html]
[dsipaint.com/forum/thread0f4e.html]
[dsipaint.com/forum/thread40cb.html]
[dsipaint.com/forum/thread4008.html]
[dsipaint.com/forum/threadd35a.html]
[dsipaint.com/forum/thread3654.html]
[dsipaint.com/forum/threadb2ee.html]
[dsipaint.com/forum/thread4952.html]
[dsipaint.com/forum/thread1906.html]
[dsipaint.com/forum/thread061c.html]
[dsipaint.com/forum/threadb99a.html]
[dsipaint.com/forum/threaddaa6.html]
[dsipaint.com/forum/threadf9c2.html]
[dsipaint.com/forum/topic0055.html]
[dsipaint.com/forum/thread906d.html]
[dsipaint.com/forum/topic30e5.html]
[dsipaint.com/forum/topic9109.html]
[dsipaint.com/forum/thread5098.html]
[dsipaint.com/forum/thread2384.html]
[dsipaint.com/forum/thread01fc.html]
[dsipaint.com/forum/thread43e8.html]
[dsipaint.com/forum/threade38c.html]
[dsipaint.com/forum/thread4cce.html]
[dsipaint.com/forum/threadc1fc.html]
[dsipaint.com/forum/thread3c22.html]
[dsipaint.com/forum/thread460d.html]
[dsipaint.com/forum/thread45c2.html]
[dsipaint.com/forum/thread86fe.html]
[dsipaint.com/forum/threadc549.html]
[dsipaint.com/forum/thread4205.html]
[dsipaint.com/forum/threaddba0.html]
[dsipaint.com/forum/threada060.html]
[dsipaint.com/forum/threadd4e4.html]
[dsipaint.com/forum/thread89ee.html]
[dsipaint.com/forum/thread0fe7.html]
[dsipaint.com/forum/thread36b5.html]
[dsipaint.com/forum/topicdcfd.html]
[dsipaint.com/forum/GET.html]
[dsipaint.com/menu_chatrooms5663.html]
[dsipaint.com/forum/thread7b0f.html]
[dsipaint.com/chatroom/index3a7a.html]
[dsipaint.com/chatroom/index3219.html]
[dsipaint.com/chatroom/index8729.html]
[dsipaint.com/chatroom/indexd190.html]
[dsipaint.com/chatroom/indexf021.html]
[dsipaint.com/chatroom/index45c0.html]
[dsipaint.com/chatroom/index084e.html]
[dsipaint.com/chatroom/index834f.html]
[dsipaint.com/chatroom/indexf162.html]
[dsipaint.com/chatroom/index8382.html]
[dsipaint.com/chatroom/index54ca.html]
[dsipaint.com/chatroom/index8acf.html]
[dsipaint.com/chatroom/index116f.html]
[dsipaint.com/chatroom/indexa172.html]
[dsipaint.com/chatroom/index7ca8.html]
[dsipaint.com/chatroom/scripts/chatroom527e.js]
[dsipaint.com/paint/GET]
[dsipaint.com/images/art_gallery/236477.png]
[dsipaint.com/images/art_gallery/236478.png]
[dsipaint.com/images/art_gallery/236808.png]
[dsipaint.com/images/star_on.png]
[dsipaint.com/images/star_off.png]
[dsipaint.com/images/art_gallery/237193.png]
[dsipaint.com/images/art_gallery/237198.png]
[dsipaint.com/images/art_gallery/237217.png]
[dsipaint.com/images/art_gallery/237234.png]
[dsipaint.com/images/star_half.png]
[dsipaint.com/images/art_gallery/237253.png]
[dsipaint.com/images/art_gallery/237256.png]
[dsipaint.com/images/art_gallery/237386.png]
[dsipaint.com/images/art_gallery/237387.png]
[dsipaint.com/images/art_gallery/237432.png]
[dsipaint.com/images/art_gallery/237450.png]
[dsipaint.com/images/art_gallery/237501.png]
[dsipaint.com/images/art_gallery/237509.png]
[dsipaint.com/images/art_gallery/237559.png]
[dsipaint.com/images/art_gallery/237566.png]
[dsipaint.com/images/art_gallery/237579.png]
[dsipaint.com/images/art_gallery/237583.png]
[dsipaint.com/images/art_gallery/237585.png]
[dsipaint.com/images/art_gallery/237609.png]
[dsipaint.com/images/art_gallery/237617.png]
[dsipaint.com/images/art_gallery/237624.png]
[dsipaint.com/images/art_gallery/237649.png]
[dsipaint.com/images/art_gallery/237718.png]
[dsipaint.com/images/art_gallery/237725.png]
[dsipaint.com/images/art_gallery/237726.png]
[dsipaint.com/images/art_gallery/237754.png]
[dsipaint.com/images/art_gallery/237767.png]
[dsipaint.com/images/art_gallery/237829.png]
[dsipaint.com/images/art_gallery/237830.png]
[dsipaint.com/images/art_gallery/237834.png]
[dsipaint.com/images/art_gallery/237889.png]
[dsipaint.com/images/art_gallery/237922.png]
[dsipaint.com/images/art_gallery/237996.png]
[dsipaint.com/images/art_gallery/237999.png]
[dsipaint.com/images/art_gallery/238015.png]
[dsipaint.com/images/art_gallery/238028.png]
[dsipaint.com/images/art_gallery/238043.png]
[dsipaint.com/images/art_gallery/238044.png]
[dsipaint.com/images/art_gallery/238045.png]
[dsipaint.com/images/art_gallery/238046.png]
[dsipaint.com/images/art_gallery/238049.png]
[dsipaint.com/images/art_gallery/238050.png]
[dsipaint.com/images/art_gallery/238058.png]
[dsipaint.com/images/art_gallery/238076.png]
[dsipaint.com/images/art_gallery/238094.png]
[dsipaint.com/images/art_gallery/238100.png]
[dsipaint.com/images/art_gallery/238110.png]
[dsipaint.com/images/art_gallery/238121.png]
[dsipaint.com/images/art_gallery/238136.png]
[dsipaint.com/images/art_gallery/238137.png]
[dsipaint.com/images/art_gallery/238143.png]
[dsipaint.com/images/art_gallery/238144.png]
[dsipaint.com/images/art_gallery/238145.png]
[dsipaint.com/images/art_gallery/238146.png]
[dsipaint.com/images/art_gallery/238168.png]
[dsipaint.com/images/art_gallery/238169.png]
[dsipaint.com/images/art_gallery/238170.png]
[dsipaint.com/images/art_gallery/238180.png]
[dsipaint.com/images/art_gallery/238222.png]
[dsipaint.com/images/art_gallery/238231.png]
[dsipaint.com/images/art_gallery/238343.png]
[dsipaint.com/images/art_gallery/238344.png]
[dsipaint.com/images/art_gallery/238345.png]
[dsipaint.com/images/art_gallery/238353.png]
[dsipaint.com/images/art_gallery/238417.png]
[dsipaint.com/images/art_gallery/238440.png]
[dsipaint.com/images/art_gallery/238445.png]
[dsipaint.com/images/art_gallery/238448.png]
[dsipaint.com/images/art_gallery/238449.png]
[dsipaint.com/images/art_gallery/238477.png]
[dsipaint.com/images/art_gallery/238518.png]
[dsipaint.com/images/art_gallery/238538.png]
[dsipaint.com/images/art_gallery/238539.png]
[dsipaint.com/images/art_gallery/238550.png]
[dsipaint.com/images/art_gallery/238560.png]
[dsipaint.com/images/art_gallery/238565.png]
[dsipaint.com/images/art_gallery/238578.png]
[dsipaint.com/images/art_gallery/238596.png]
[dsipaint.com/images/art_gallery/238597.png]
[dsipaint.com/images/art_gallery/238601.png]
[dsipaint.com/images/art_gallery/238602.png]
[dsipaint.com/images/art_gallery/238603.png]
[dsipaint.com/images/art_gallery/238617.png]
[dsipaint.com/images/art_gallery/238619.png]
[dsipaint.com/images/art_gallery/238644.png]
[dsipaint.com/images/art_gallery/238645.png]
[dsipaint.com/images/art_gallery/238711.png]
[dsipaint.com/images/art_gallery/239967.png]
[dsipaint.com/images/art_gallery/239970.png]
[dsipaint.com/images/art_gallery/239984.png]
[dsipaint.com/images/art_gallery/239985.png]
[dsipaint.com/images/art_gallery/239989.png]
[dsipaint.com/images/art_gallery/240033.png]
[dsipaint.com/images/art_gallery/240140.png]
[dsipaint.com/images/art_gallery/240245.png]
[dsipaint.com/images/art_gallery/240325.png]
[dsipaint.com/images/art_gallery/240538.png]
[dsipaint.com/images/art_gallery/240566.png]
[dsipaint.com/paint/album784a.html]
[dsipaint.com/paint/POST]
[dsipaint.com/paint/includes/ajax_dsipaint_save.html]
[dsipaint.com/paint/images/palette.png]
[dsipaint.com/paint/dsipaint.html]
[dsipaint.com/paint/includes/ajax_dsipaint_gallery32a2.html]
[dsipaint.com/paint/images/frame_large.png]
[dsipaint.com/paint/gallery.html]
[dsipaint.com/paint/images/frame.png]
[dsipaint.com/paint/top10_rolodex.html]
[dsipaint.com/paint/slideshow.html]
[dsipaint.com/paint/includes/ajax_dsipaint_top10b45f.html]
[dsipaint.com/paint/top100654.html]
[dsipaint.com/paint/top1076c3.html]
[dsipaint.com/paint/top105a94.html]
[dsipaint.com/paint/top10795a.html]
[dsipaint.com/paint/top104abd.html]
[dsipaint.com/paint/top10897a.html]
[dsipaint.com/paint/top10c61e.html]
[dsipaint.com/paint/top10197c.html]
[dsipaint.com/paint/top10d64c.html]
[dsipaint.com/images/art_gallery/121789.png]
[dsipaint.com/paint/album9b1b.html]
[dsipaint.com/images/art_gallery/35270.png]
[dsipaint.com/paint/albumc263.html]
[dsipaint.com/images/art_gallery/103372.png]
[dsipaint.com/images/art_gallery/19544.png]
[dsipaint.com/paint/album93b3.html]
[dsipaint.com/images/art_gallery/32158.png]
[dsipaint.com/paint/albumde12.html]
[dsipaint.com/images/art_gallery/84613.png]
[dsipaint.com/images/art_gallery/24954.png]
[dsipaint.com/paint/albumef0a.html]
[dsipaint.com/images/art_gallery/34367.png]
[dsipaint.com/paint/albume5d6.html]
[dsipaint.com/images/art_gallery/15453.png]
[dsipaint.com/paint/albumb88c.html]
[dsipaint.com/images/art_gallery/40615.png]
[dsipaint.com/paint/top10.html]
[dsipaint.com/paint/dsipaint_spriter.html]
[dsipaint.com/paint/includes/ajax_dsipaint_spriter_save.html]
[dsipaint.com/images/sprite_gallery/2257.png]
[dsipaint.com/images/sprite_gallery/18648.png]
[dsipaint.com/images/sprite_gallery/1453.png]
[dsipaint.com/images/sprite_gallery/664.png]
[dsipaint.com/images/sprite_gallery/2686.png]
[dsipaint.com/images/sprite_gallery/2595.png]
[dsipaint.com/images/sprite_gallery/8.png]
[dsipaint.com/images/sprite_gallery/1373.png]
[dsipaint.com/images/sprite_gallery/298.png]
[dsipaint.com/paint/dsipaint_spriter_top10.html]
[dsipaint.com/games/dsimystery/index_files/filelist.xml]
[dsipaint.com/games/dsimystery/index_files/image313.png]
[dsipaint.com/games/dsimystery/index_files/image2811.png]
[dsipaint.com/memberprofile52aa.php]
[dsipaint.com/games/dsimystery/index.html]
[dsipaint.com/games/dsimystery/index_files/Page293.html]
[dsipaint.com/games/minco_says/style.css]
[dsipaint.com/games/minco_says/scripts/minco_says.js]
[dsipaint.com/games/minco_says/images/great.png]
[dsipaint.com/games/minco_says/index.html]
[dsipaint.com/games/minco_says/images/wrong.png]
[dsipaint.com/games/overlords/images/gradient.png]
[dsipaint.com/games/overlords/images/overlords_logo.png]
[dsipaint.com/games/overlords/images/skunkman.png]
[dsipaint.com/games/overlords/images/hullbreach.png]
[dsipaint.com/games/overlords/images/missgigi.png]
[dsipaint.com/games/overlords/images/savantinamorata.png]
[dsipaint.com/games/overlords/index.html]
[dsipaint.com/games/savii_slots/index.html]
[dsipaint.com/games/overlords/gameselect.html]
[dsipaint.com/games/wakaskunk/scripts/wak-a_skunk.js]
[dsipaint.com/games/wakaskunk/images/head_hullbreach.png]
[dsipaint.com/games/wakaskunk/images/head_missgigi.png]
[dsipaint.com/games/wakaskunk/images/head_savantinamorata.png]
[dsipaint.com/games/wakaskunk/images/head_skunkman.png]
[dsipaint.com/games/wakaskunk/images/watermark.png]
[dsipaint.com/games/wakaskunk/images/grass.png]
[dsipaint.com/games/wakaskunk/images/skunkman.png]
[dsipaint.com/games/wakaskunk/images/bubble.png]
[dsipaint.com/games/wakaskunk/images/hole.png]
[dsipaint.com/games/wakaskunk/images/mallet.png]
[dsipaint.com/games/wakaskunk/index.html]
[dsipaint.com/games/yortzee/style.css]
[dsipaint.com/games/yortzee/scripts/yortzee.js]
[dsipaint.com/games/yortzee/index.html]
[dsipaint.com/games/yortzee/highscores.html]
[dsipaint.com/blog/indexb0a9.html]
[dsipaint.com/index-2.html]
[dsipaint.com/blog/viewbb2b.html]
[dsipaint.com/images/backgrounds/background3.png]
[dsipaint.com/member/timelinec131.html]
[dsipaint.com/member/commentsc131.html]
[dsipaint.com/saviis/savii_gallery90d2.html]
[dsipaint.com/avatars_site/7.png]
[dsipaint.com/images/art_gallery/241921.png]
[dsipaint.com/images/art_gallery/240964.png]
[dsipaint.com/member/index584b.html]
[dsipaint.com/member/index23bb.html]
[dsipaint.com/avatars_site/24.png]
[dsipaint.com/member/indexc131.html]
[dsipaint.com/member/indexd46d.html]
[ares2.cooltext.com/images/cfd/cfda84fa30a454c1f7b14a70789ecf4b9abb8794.gif]
[dsipaint.com/member/timelinefb01.html]
[dsipaint.com/member/commentsfb01.html]
[dsipaint.com/saviis/savii_gallery06fe.html]
[dsipaint.com/poll/index18c6.html]
[dsipaint.com/blog/index18c6.html]
[dsipaint.com/member/pagee480.html]
[dsipaint.com/member/paged684.html]
[dsipaint.com/member/page5bb2.html]
[dsipaint.com/member/pagea3ff.html]
[dsipaint.com/member/page9eca.html]
[dsipaint.com/member/page3af6.html]
[dsipaint.com/member/pagec567.html]
[dsipaint.com/member/pagef685.html]
[dsipaint.com/member/page2dc3.html]
[dsipaint.com/member/page8700.html]
[dsipaint.com/member/pagef49b.html]
[dsipaint.com/member/page5251.html]
[dsipaint.com/images/art_gallery/242783.png]
[dsipaint.com/images/art_gallery/241851.png]
[dsipaint.com/member/index4710.html]
[dsipaint.com/images/art_gallery/242566.png]
[dsipaint.com/member/indexc36a.html]
[dsipaint.com/images/art_gallery/241185.png]
[dsipaint.com/images/art_gallery/213661.png]
[dsipaint.com/member/indexfb58.html]
[dsipaint.com/member/indexfb01.html]
[dsipaint.com/saviis/savii_gallery/22037.png]
[dsipaint.com/member/index9fef.html]
[dsipaint.com/member/timelinee310.html]
[dsipaint.com/member/commentse310.html]
[dsipaint.com/saviis/savii_galleryde36.html]
[dsipaint.com/poll/indexae8b.html]
[dsipaint.com/member/pagefa15.html]
[dsipaint.com/member/page5c16.html]
[dsipaint.com/member/paged3c3.html]
[dsipaint.com/member/page811f.html]
[dsipaint.com/member/page752e.html]
[dsipaint.com/blog/indexae8b.html]
[dsipaint.com/images/art_gallery/232538.png]
[dsipaint.com/member/indexda08.html]
[dsipaint.com/member/index275c.html]
[dsipaint.com/member/index719e.html]
[dsipaint.com/images/art_gallery/207585.png]
[dsipaint.com/member/index2895.html]
[dsipaint.com/images/art_gallery/47504.png]
[dsipaint.com/member/indexbe55.html]
[dsipaint.com/member/indexe310.html]
[dsipaint.com/member/indexb6af.html]
[dsipaint.com/member/index8b1b.html]
[dsipaint.com/member/indexb8a7.html]
[dsipaint.com/member/timelineeea1.html]
[dsipaint.com/member/commentseea1.html]
[dsipaint.com/saviis/savii_gallery3e3d.html]
[dsipaint.com/poll/index9ad7.html]
[dsipaint.com/blog/index9ad7.html]
[dsipaint.com/member/page9edd.html]
[dsipaint.com/member/page1b4a.html]
[dsipaint.com/member/pagea94a.html]
[dsipaint.com/member/page9c51.html]
[dsipaint.com/member/pagec0f5.html]
[dsipaint.com/images/badges/digitizer1.png]
[dsipaint.com/chatrooms/smilies/alien4.gif]
[dsipaint.com/images/art_gallery/175273.png]
[dsipaint.com/member/index5fca.html]
[dsipaint.com/member/indexeea1.html]
[dsipaint.com/images/button_clear.png]
[dsipaint.com/member/indexda56.html]
[dsipaint.com/member/timelinedb4d.html]
[dsipaint.com/member/commentsdb4d.html]
[dsipaint.com/saviis/savii_gallery7c45.html]
[dsipaint.com/poll/indexf180.html]
[dsipaint.com/blog/indexf180.html]
[dsipaint.com/images/badges/digitizer6.png]
[dsipaint.com/images/art_gallery/246555.png]
[dsipaint.com/images/upload_gallery/15320.jpg]
[dsipaint.com/images/upload_gallery/15320_thumb.jpg]
[dsipaint.com/member/indexe4fa.html]
[dsipaint.com/images/art_gallery/244084.png]
[dsipaint.com/images/art_gallery/245380.png]
[dsipaint.com/images/art_gallery/245258.png]
[dsipaint.com/member/index1237.html]
[dsipaint.com/member/indexdb4d.html]
[dsipaint.com/halloween_2009.html]
[dsipaint.com/winning_terms.html]
[dsipaint.com/group/GET.html]
[dsipaint.com/member/indexa3e6.html]
[dsipaint.com/group/shoutbox467f.html]
[dsipaint.com/group/members467f.html]
[dsipaint.com/group/page1127.html]
[dsipaint.com/group/page92ea.html]
[dsipaint.com/group/pagea5bf.html]
[dsipaint.com/group/page3fd7.html]
[dsipaint.com/group/page77f8.html]
[dsipaint.com/group/page4956.html]
[dsipaint.com/group/page687d.html]
[dsipaint.com/group/page8c9c.html]
[dsipaint.com/group/pagecbdd.html]
[dsipaint.com/group/pagefbbe.html]
[dsipaint.com/group/paged01b.html]
[dsipaint.com/group/pageb53a.html]
[dsipaint.com/group/page5c56.html]
[dsipaint.com/group/page42ef.html]
[dsipaint.com/group/pagee366.html]
[dsipaint.com/group/pagef9ef.html]
[dsipaint.com/group/index467f.html]
[dsipaint.com/group/page7ff7.html]
[dsipaint.com/images/backgrounds/background7.png]
[dsipaint.com/member/timeline49cd.html]
[dsipaint.com/member/comments49cd.html]
[dsipaint.com/saviis/savii_gallery2118.html]
[dsipaint.com/poll/index78d6.html]
[dsipaint.com/images/badges/blogcontest.png]
[dsipaint.com/blog/index78d6.html]
[dsipaint.com/chatrooms/smilies/alien8.gif]
[dsipaint.com/member/index49cd.html]
[dsipaint.com/images/backgrounds/background2.png]
[dsipaint.com/group/shoutbox70bf.html]
[dsipaint.com/group/members70bf.html]
[dsipaint.com/group/index70bf.html]
[dsipaint.com/group/pagef2c2.html]
[dsipaint.com/images/backgrounds/background4.png]
[dsipaint.com/member/timeline97a5.html]
[dsipaint.com/saviis/savii_gallery8793.html]
[dsipaint.com/member/page9fa5.html]
[dsipaint.com/images/badges/courier7.png]
[dsipaint.com/images/badges/digitizer3.png]
[dsipaint.com/member/index97a5.html]
[dsipaint.com/group/shoutbox3110.html]
[dsipaint.com/group/members3110.html]
[dsipaint.com/group/page2c68.html]
[dsipaint.com/group/page9ca6.html]
[dsipaint.com/group/page6269.html]
[dsipaint.com/group/page3e1b.html]
[dsipaint.com/group/page48ef.html]
[dsipaint.com/group/pageae8e.html]
[dsipaint.com/group/pageafba.html]
[dsipaint.com/group/page74d3.html]
[dsipaint.com/group/pagee18d.html]
[dsipaint.com/group/pageffdb.html]
[dsipaint.com/group/page4a78.html]
[dsipaint.com/group/paged3af.html]
[dsipaint.com/group/page23f4.html]
[dsipaint.com/group/page73fb.html]
[dsipaint.com/group/pagee4ab.html]
[dsipaint.com/group/pagedf7a.html]
[dsipaint.com/group/page5037.html]
[dsipaint.com/group/page637a.html]
[dsipaint.com/group/page5437.html]
[dsipaint.com/group/pagebe0a.html]
[dsipaint.com/group/page01b8.html]
[dsipaint.com/group/page3aa3.html]
[dsipaint.com/group/page1c91.html]
[dsipaint.com/group/page46a9.html]
[dsipaint.com/group/page4b8a.html]
[dsipaint.com/group/index3110.html]
[dsipaint.com/images/upload_gallery/1665.jpg]
[dsipaint.com/group/page688a.html]
[dsipaint.com/member/timeline3605.html]
[dsipaint.com/member/comments3605.html]
[dsipaint.com/saviis/savii_galleryb885.html]
[dsipaint.com/member/pagead6c.html]
[dsipaint.com/blog/index873f.html]
[dsipaint.com/poll/index873f.html]
[dsipaint.com/member/pagea21b.html]
[dsipaint.com/member/page9068.html]
[dsipaint.com/member/page279a.html]
[dsipaint.com/member/page2b67.html]
[dsipaint.com/member/page7ef0.html]
[dsipaint.com/member/page8475.html]
[dsipaint.com/member/pagec242.html]
[dsipaint.com/images/art_gallery/46337.png]
[dsipaint.com/images/art_gallery/245410.png]
[dsipaint.com/member/index94cf.html]
[dsipaint.com/images/art_gallery/240972.png]
[dsipaint.com/images/art_gallery/52519.png]
[dsipaint.com/member/index1cbd.html]
[dsipaint.com/member/index3605.html]
[dsipaint.com/member/index44dc.html]
[dsipaint.com/member/index4863.html]
[dsipaint.com/memberblog.75e7476.delayed]
[dsipaint.com/group/shoutbox10ec.html]
[dsipaint.com/group/members10ec.html]
[dsipaint.com/group/page85c5.html]
[dsipaint.com/group/page8e13.html]
[dsipaint.com/group/page7a93.html]
[dsipaint.com/group/pagedfc4.html]
[dsipaint.com/group/page6501.html]
[dsipaint.com/group/pageba10.html]
[dsipaint.com/group/page0036.html]
[dsipaint.com/group/pagea224.html]
