[dsipaint.com/games/dsimystery/index.html]
[backblue.gif]
[fade.gif]
[index.html]
[dsipaint.com/games/dsimystery/index_files/filelist.xml]
[dsipaint.com/games/dsimystery/index_files/image313.png]
[dsipaint.com/games/dsimystery/index_files/image2811.png]
[dsipaint.com/games/dsimystery/index.html]
[dsipaint.com/games/dsimystery/index_files/Page293.html]
[dsipaint.com/games/dsimystery/index_files/image314.png]
[dsipaint.com/games/dsimystery/index_files/Page305.html]
[dsipaint.com/games/dsimystery/index_files/image332.png]
[dsipaint.com/games/dsimystery/index_files/image316.png]
[dsipaint.com/games/dsimystery/index_files/Page293.html]
[dsipaint.com/games/dsimystery/index_files/Page296.html]
[dsipaint.com/games/dsimystery/index_files/image274.png]
[dsipaint.com/games/dsimystery/index_files/image326.png]
[dsipaint.com/games/dsimystery/index_files/Page328.html]
[dsipaint.com/games/dsimystery/index_files/image336.png]
[dsipaint.com/games/dsimystery/index_files/image379.png]
[dsipaint.com/games/dsimystery/index_files/Page305.html]
[dsipaint.com/games/dsimystery/index_files/Page296.html]
[dsipaint.com/games/dsimystery/index_files/Page317.html]
[dsipaint.com/games/dsimystery/index_files/image353.png]
[dsipaint.com/games/dsimystery/index_files/Page328.html]
[dsipaint.com/games/dsimystery/index_files/image301.png]
[dsipaint.com/games/dsimystery/index_files/image340.png]
[dsipaint.com/games/dsimystery/index_files/Page341.html]
[dsipaint.com/games/dsimystery/index_files/image300.png]
[dsipaint.com/games/dsimystery/index_files/Page317.html]
[dsipaint.com/games/dsimystery/index_files/image3451.jpg]
[dsipaint.com/games/dsimystery/index_files/Page378.html]
[dsipaint.com/games/dsimystery/index_files/image362.png]
[dsipaint.com/games/dsimystery/index_files/image304.png]
[dsipaint.com/games/dsimystery/index_files/Page341.html]
[dsipaint.com/games/dsimystery/index_files/Page351.html]
[dsipaint.com/games/dsimystery/index_files/image385.png]
[dsipaint.com/games/dsimystery/index_files/Page378.html]
[dsipaint.com/games/dsimystery/index_files/image306.png]
[dsipaint.com/games/dsimystery/index_files/Page351.html]
[dsipaint.com/games/dsimystery/index_files/Page361.html]
[dsipaint.com/games/dsimystery/index_files/Page361.html]
[dsipaint.com/games/dsimystery/index_files/Page297.html]
[dsipaint.com/games/dsimystery/index_files/image312.png]
[dsipaint.com/games/dsimystery/index_files/Page350.html]
[dsipaint.com/games/dsimystery/index_files/image277.png]
[dsipaint.com/games/dsimystery/index_files/Page297.html]
[dsipaint.com/games/dsimystery/index_files/Page389.html]
[dsipaint.com/games/dsimystery/index_files/Page350.html]
[dsipaint.com/games/dsimystery/index_files/image373.png]
[dsipaint.com/games/dsimystery/index_files/Page389.html]
[dsipaint.com/games/dsimystery/index_files/Page400.html]
[dsipaint.com/games/dsimystery/index_files/Page400.html]
[dsipaint.com/games/dsimystery/index_files/Page412.html]
[dsipaint.com/games/dsimystery/index_files/Page422.html]
[dsipaint.com/games/dsimystery/index_files/image417.png]
[dsipaint.com/games/dsimystery/index_files/Page412.html]
[dsipaint.com/games/dsimystery/index_files/Page422.html]
[dsipaint.com/games/dsimystery/index_files/Page433.html]
[dsipaint.com/games/dsimystery/index_files/Page444.html]
[dsipaint.com/games/dsimystery/index_files/image438.png]
[dsipaint.com/games/dsimystery/index_files/Page433.html]
[dsipaint.com/games/dsimystery/index_files/Page461.html]
[dsipaint.com/games/dsimystery/index_files/image449.png]
[dsipaint.com/games/dsimystery/index_files/Page444.html]
[dsipaint.com/games/dsimystery/index_files/Page467.html]
[dsipaint.com/games/dsimystery/index_files/image466.png]
[dsipaint.com/games/dsimystery/index_files/Page461.html]
[dsipaint.com/games/dsimystery/index_files/image4781.jpg]
[dsipaint.com/games/dsimystery/index_files/Page492.html]
[dsipaint.com/games/dsimystery/index_files/image480.png]
[dsipaint.com/games/dsimystery/index_files/Page467.html]
[dsipaint.com/games/dsimystery/index_files/image503.jpg]
[dsipaint.com/games/dsimystery/index_files/Page506.html]
[dsipaint.com/games/dsimystery/index_files/image497.png]
[dsipaint.com/games/dsimystery/index_files/image505.png]
[dsipaint.com/games/dsimystery/index_files/Page492.html]
[dsipaint.com/games/dsimystery/index_files/Page506.html]
[dsipaint.com/games/dsimystery/index_files/Page280.html]
[dsipaint.com/games/dsimystery/index_files/Page380.html]
[dsipaint.com/games/dsimystery/index_files/image334.png]
[dsipaint.com/games/dsimystery/index_files/Page280.html]
[dsipaint.com/games/dsimystery/index_files/image411.png]
[dsipaint.com/games/dsimystery/index_files/Page474.html]
[dsipaint.com/games/dsimystery/index_files/image424.png]
[dsipaint.com/games/dsimystery/index_files/Page380.html]
[dsipaint.com/games/dsimystery/index_files/Page534.html]
[dsipaint.com/games/dsimystery/index_files/Page520.html]
[dsipaint.com/games/dsimystery/index_files/image518.png]
[dsipaint.com/games/dsimystery/index_files/Page548.html]
[dsipaint.com/games/dsimystery/index_files/image519.png]
[dsipaint.com/games/dsimystery/index_files/Page474.html]
[dsipaint.com/games/dsimystery/index_files/Page534.html]
[dsipaint.com/games/dsimystery/index_files/Page520.html]
[dsipaint.com/games/dsimystery/index_files/image552.png]
[dsipaint.com/games/dsimystery/index_files/Page562.html]
[dsipaint.com/games/dsimystery/index_files/Page547.html]
[dsipaint.com/games/dsimystery/index_files/Page548.html]
[dsipaint.com/games/dsimystery/index_files/Page591.html]
[dsipaint.com/games/dsimystery/index_files/Page562.html]
[dsipaint.com/games/dsimystery/index_files/Page547.html]
[dsipaint.com/games/dsimystery/index_files/Page591.html]
[dsipaint.com/games/dsimystery/index_files/Page592.html]
[dsipaint.com/games/dsimystery/index_files/image589.png]
[dsipaint.com/games/dsimystery/index_files/Page592.html]
[dsipaint.com/games/dsimystery/index_files/Page580.html]
[dsipaint.com/games/dsimystery/index_files/Page580.html]
[dsipaint.com/games/dsimystery/index_files/Page596.html]
[dsipaint.com/games/dsimystery/index_files/image607.png]
[dsipaint.com/games/dsimystery/index_files/Page596.html]
[dsipaint.com/games/dsimystery/index_files/Page454.html]
[dsipaint.com/games/dsimystery/index_files/Page658.html]
[dsipaint.com/games/dsimystery/index_files/image468.png]
[dsipaint.com/games/dsimystery/index_files/Page454.html]
[dsipaint.com/games/dsimystery/index_files/Page535.html]
[dsipaint.com/games/dsimystery/index_files/image662.png]
[dsipaint.com/games/dsimystery/index_files/image701.png]
[dsipaint.com/games/dsimystery/index_files/Page658.html]
[dsipaint.com/games/dsimystery/index_files/Page423.html]
[dsipaint.com/games/dsimystery/index_files/image612.png]
[dsipaint.com/games/dsimystery/index_files/image615.png]
[dsipaint.com/games/dsimystery/index_files/Page535.html]
[dsipaint.com/games/dsimystery/index_files/Page423.html]
[dsipaint.com/games/dsimystery/index_files/Page619.html]
[dsipaint.com/games/dsimystery/index_files/Page637.html]
[dsipaint.com/games/dsimystery/index_files/image632.png]
[dsipaint.com/games/dsimystery/index_files/image636.png]
[dsipaint.com/games/dsimystery/index_files/Page619.html]
[dsipaint.com/games/dsimystery/index_files/Page655.html]
[dsipaint.com/games/dsimystery/index_files/image642.png]
[dsipaint.com/games/dsimystery/index_files/Page637.html]
[dsipaint.com/games/dsimystery/index_files/Page655.html]
[dsipaint.com/games/dsimystery/index_files/Page674.html]
[dsipaint.com/games/dsimystery/index_files/Page610.html]
[dsipaint.com/games/dsimystery/index_files/image703.png]
[dsipaint.com/games/dsimystery/index_files/Page790.html]
[dsipaint.com/games/dsimystery/index_files/image751.png]
[dsipaint.com/games/dsimystery/index_files/Page773.html]
[dsipaint.com/games/dsimystery/index_files/image750.png]
[dsipaint.com/games/dsimystery/index_files/Page756.html]
[dsipaint.com/games/dsimystery/index_files/image749.png]
[dsipaint.com/games/dsimystery/index_files/Page729.html]
[dsipaint.com/games/dsimystery/index_files/image748.png]
[dsipaint.com/games/dsimystery/index_files/Page746.html]
[dsipaint.com/games/dsimystery/index_files/Page674.html]
[dsipaint.com/games/dsimystery/index_files/image747.png]
[dsipaint.com/games/dsimystery/index_files/Page610.html]
[dsipaint.com/games/dsimystery/index_files/image794.png]
[dsipaint.com/games/dsimystery/index_files/Page815.html]
[dsipaint.com/games/dsimystery/index_files/image814.png]
[dsipaint.com/games/dsimystery/index_files/Page790.html]
[dsipaint.com/games/dsimystery/index_files/Page773.html]
[dsipaint.com/games/dsimystery/index_files/Page756.html]
[dsipaint.com/games/dsimystery/index_files/Page729.html]
[dsipaint.com/games/dsimystery/index_files/Page746.html]
[dsipaint.com/games/dsimystery/index_files/image819.png]
[dsipaint.com/games/dsimystery/index_files/image826.png]
[dsipaint.com/games/dsimystery/index_files/Page924.html]
[dsipaint.com/games/dsimystery/index_files/image829.png]
[dsipaint.com/games/dsimystery/index_files/Page856.html]
[dsipaint.com/games/dsimystery/index_files/image842.png]
[dsipaint.com/games/dsimystery/index_files/Page815.html]
[dsipaint.com/games/dsimystery/index_files/Page924.html]
[dsipaint.com/games/dsimystery/index_files/image860.png]
[dsipaint.com/games/dsimystery/index_files/Page856.html]
[dsipaint.com/games/dsimystery/index_files/Page870.html]
[dsipaint.com/games/dsimystery/index_files/image875.png]
[dsipaint.com/games/dsimystery/index_files/Page870.html]
[dsipaint.com/games/dsimystery/index_files/Page609.html]
[dsipaint.com/games/dsimystery/index_files/Page609.html]
[dsipaint.com/games/dsimystery/index_files/Page536.html]
[dsipaint.com/games/dsimystery/index_files/Page320.html]
[dsipaint.com/games/dsimystery/index_files/image683.png]
[dsipaint.com/games/dsimystery/index_files/image681.gif]
[dsipaint.com/games/dsimystery/index_files/Page536.html]
[dsipaint.com/games/dsimystery/index_files/Page654.html]
[dsipaint.com/games/dsimystery/index_files/image600.png]
[dsipaint.com/games/dsimystery/index_files/Page320.html]
[dsipaint.com/games/dsimystery/index_files/Page654.html]
[dsipaint.com/games/dsimystery/index_files/Page909.html]
[dsipaint.com/games/dsimystery/index_files/Page857.html]
[dsipaint.com/games/dsimystery/index_files/image922.png]
[dsipaint.com/games/dsimystery/index_files/Page909.html]
[dsipaint.com/games/dsimystery/index_files/Page932.html]
[dsipaint.com/games/dsimystery/index_files/image887.png]
[dsipaint.com/games/dsimystery/index_files/Page857.html]
[dsipaint.com/games/dsimystery/index_files/Page932.html]
[dsipaint.com/games/dsimystery/index_files/Page956.html]
[dsipaint.com/games/dsimystery/index_files/Page956.html]
[dsipaint.com/games/dsimystery/index_files/Page999.html]
[dsipaint.com/games/dsimystery/index_files/Page999.html]
[dsipaint.com/games/dsimystery/index_files/Page978.html]
[dsipaint.com/games/dsimystery/index_files/Page1023.html]
[dsipaint.com/games/dsimystery/index_files/Page978.html]
[dsipaint.com/games/dsimystery/index_files/image1021.png]
[dsipaint.com/games/dsimystery/index_files/Page1023.html]
[dsipaint.com/games/dsimystery/index_files/Page1034.html]
[dsipaint.com/games/dsimystery/index_files/Page1034.html]
[dsipaint.com/games/dsimystery/index_files/Page1098.html]
[dsipaint.com/games/dsimystery/index_files/Page1098.html]
[dsipaint.com/games/dsimystery/index_files/Page1065.html]
[dsipaint.com/games/dsimystery/index_files/Page1065.html]
[dsipaint.com/games/dsimystery/index_files/Page1055.html]
[dsipaint.com/games/dsimystery/index_files/Page868.html]
[dsipaint.com/games/dsimystery/index_files/image1048.png]
[dsipaint.com/games/dsimystery/index_files/Page1055.html]
[dsipaint.com/games/dsimystery/index_files/Page704.html]
[dsipaint.com/games/dsimystery/index_files/image698.png]
[dsipaint.com/games/dsimystery/index_files/Page868.html]
[dsipaint.com/games/dsimystery/index_files/Page816.html]
[dsipaint.com/games/dsimystery/index_files/image715.png]
[dsipaint.com/games/dsimystery/index_files/Page704.html]
[dsipaint.com/games/dsimystery/index_files/Page744.html]
[dsipaint.com/games/dsimystery/index_files/image831.png]
[dsipaint.com/games/dsimystery/index_files/image833.gif]
[dsipaint.com/games/dsimystery/index_files/Page816.html]
[dsipaint.com/games/dsimystery/index_files/Page744.html]
[dsipaint.com/games/dsimystery/index_files/Page963.html]
[dsipaint.com/games/dsimystery/index_files/Page898.html]
[dsipaint.com/games/dsimystery/index_files/image980.png]
[dsipaint.com/games/dsimystery/index_files/Page1015.html]
[dsipaint.com/games/dsimystery/index_files/image983.png]
[dsipaint.com/games/dsimystery/index_files/Page987.html]
[dsipaint.com/games/dsimystery/index_files/image984.png]
[dsipaint.com/games/dsimystery/index_files/Page443.html]
[dsipaint.com/games/dsimystery/index_files/Page963.html]
[dsipaint.com/games/dsimystery/index_files/image1012.png]
[dsipaint.com/games/dsimystery/index_files/Page898.html]
[dsipaint.com/games/dsimystery/index_files/image1063.png]
[dsipaint.com/games/dsimystery/index_files/Page1015.html]
[dsipaint.com/games/dsimystery/index_files/image1064.png]
[dsipaint.com/games/dsimystery/index_files/Page987.html]
[dsipaint.com/games/dsimystery/index_files/image755.png]
[dsipaint.com/games/dsimystery/index_files/Page836.html]
[dsipaint.com/games/dsimystery/index_files/image817.png]
[dsipaint.com/games/dsimystery/index_files/Page853.html]
[dsipaint.com/games/dsimystery/index_files/image837.png]
[dsipaint.com/games/dsimystery/index_files/Page443.html]
[dsipaint.com/games/dsimystery/index_files/Page836.html]
[dsipaint.com/games/dsimystery/index_files/Page853.html]
[dsipaint.com/games/dsimystery/index_files/Page953.html]
[dsipaint.com/games/dsimystery/index_files/Page1151.html]
[dsipaint.com/games/dsimystery/index_files/Page953.html]
[dsipaint.com/games/dsimystery/index_files/image1152.png]
[dsipaint.com/games/dsimystery/index_files/Page1151.html]
[dsipaint.com/games/dsimystery/index_files/Page852.html]
[dsipaint.com/games/dsimystery/index_files/image882.png]
[dsipaint.com/games/dsimystery/index_files/Page852.html]
[dsipaint.com/games/dsimystery/index_files/Page616.html]
[dsipaint.com/games/dsimystery/index_files/Page616.html]
[dsipaint.com/games/dsimystery/index_files/Page957.html]
[dsipaint.com/games/dsimystery/index_files/Page1131.html]
[dsipaint.com/games/dsimystery/index_files/Page957.html]
[dsipaint.com/games/dsimystery/index_files/image1054.png]
[dsipaint.com/games/dsimystery/index_files/image1126.png]
[dsipaint.com/games/dsimystery/index_files/Page1131.html]
[dsipaint.com/games/dsimystery/index_files/Page657.html]
[dsipaint.com/games/dsimystery/index_files/Page1074.html]
[dsipaint.com/games/dsimystery/index_files/Page657.html]
[dsipaint.com/games/dsimystery/index_files/image944.png]
[dsipaint.com/games/dsimystery/index_files/Page1105.html]
[dsipaint.com/games/dsimystery/index_files/Page1074.html]
[dsipaint.com/games/dsimystery/index_files/image1102.png]
[dsipaint.com/games/dsimystery/index_files/Page1116.html]
[dsipaint.com/games/dsimystery/index_files/image1110.png]
[dsipaint.com/games/dsimystery/index_files/Page1105.html]
[dsipaint.com/games/dsimystery/index_files/Page1234.html]
[dsipaint.com/games/dsimystery/index_files/Page1116.html]
[dsipaint.com/games/dsimystery/index_files/image1134.png]
[dsipaint.com/games/dsimystery/index_files/Page1234.html]
[dsipaint.com/games/dsimystery/index_files/Page1223.html]
[dsipaint.com/games/dsimystery/index_files/Page1223.html]
[dsipaint.com/games/dsimystery/index_files/Page1212.html]
[dsipaint.com/games/dsimystery/index_files/Page1212.html]
[dsipaint.com/games/dsimystery/index_files/Page1201.html]
[dsipaint.com/games/dsimystery/index_files/Page1201.html]
[dsipaint.com/games/dsimystery/index_files/Page1190.html]
[dsipaint.com/games/dsimystery/index_files/Page1161.html]
[dsipaint.com/games/dsimystery/index_files/image11641.png]
[dsipaint.com/games/dsimystery/index_files/image1185.png]
[dsipaint.com/games/dsimystery/index_files/Page1190.html]
[dsipaint.com/games/dsimystery/index_files/Page1161.html]
[dsipaint.com/games/dsimystery/index_files/Page1138.html]
[dsipaint.com/games/dsimystery/index_files/Page1138.html]
[dsipaint.com/games/dsimystery/index_files/Page1245.html]
[dsipaint.com/games/dsimystery/index_files/Page1245.html]
[dsipaint.com/games/dsimystery/index_files/Page1329.html]
[dsipaint.com/games/dsimystery/index_files/Page1329.html]
[dsipaint.com/games/dsimystery/index_files/Page1307.html]
[dsipaint.com/games/dsimystery/index_files/Page686.html]
[dsipaint.com/games/dsimystery/index_files/image1302.png]
[dsipaint.com/games/dsimystery/index_files/Page1307.html]
[dsipaint.com/games/dsimystery/index_files/Page686.html]
[dsipaint.com/games/dsimystery/index_files/Page1107.html]
[dsipaint.com/games/dsimystery/index_files/image1139.png]
[dsipaint.com/games/dsimystery/index_files/Page1107.html]
[dsipaint.com/games/dsimystery/index_files/Page1163.html]
[dsipaint.com/games/dsimystery/index_files/Page1173.html]
[dsipaint.com/games/dsimystery/index_files/Page1163.html]
[dsipaint.com/games/dsimystery/index_files/image1168.png]
[dsipaint.com/games/dsimystery/index_files/image1191.png]
[dsipaint.com/games/dsimystery/index_files/Page1173.html]
[dsipaint.com/games/dsimystery/index_files/Page1221.html]
[dsipaint.com/games/dsimystery/index_files/Page1270.html]
[dsipaint.com/games/dsimystery/index_files/image1235.png]
[dsipaint.com/games/dsimystery/index_files/Page1221.html]
[dsipaint.com/games/dsimystery/index_files/Page1270.html]
[dsipaint.com/games/dsimystery/index_files/Page846.html]
[dsipaint.com/games/dsimystery/index_files/image1075.png]
[dsipaint.com/games/dsimystery/index_files/Page846.html]
[dsipaint.com/games/dsimystery/index_files/Page1175.html]
[dsipaint.com/games/dsimystery/index_files/Page1175.html]
[dsipaint.com/games/dsimystery/index_files/Page1174.html]
[dsipaint.com/games/dsimystery/index_files/Page1174.html]
[dsipaint.com/games/dsimystery/index_files/Page858.html]
[dsipaint.com/games/dsimystery/index_files/image1253.png]
[dsipaint.com/games/dsimystery/index_files/Page858.html]
[dsipaint.com/games/dsimystery/index_files/Page1305.html]
[dsipaint.com/games/dsimystery/index_files/Page1305.html]
[dsipaint.com/games/dsimystery/index_files/Page1316.html]
[dsipaint.com/games/dsimystery/index_files/image1333.png]
[dsipaint.com/games/dsimystery/index_files/Page1316.html]
[dsipaint.com/games/dsimystery/index_files/Page1338.html]
[dsipaint.com/games/dsimystery/index_files/Page1349.html]
[dsipaint.com/games/dsimystery/index_files/Page1338.html]
[dsipaint.com/games/dsimystery/index_files/image1343.png]
[dsipaint.com/games/dsimystery/index_files/Page1349.html]
[dsipaint.com/games/dsimystery/index_files/Page1360.html]
[dsipaint.com/games/dsimystery/index_files/Page1360.html]
[dsipaint.com/games/dsimystery/index_files/Page1374.html]
[dsipaint.com/games/dsimystery/index_files/Page1385.html]
[dsipaint.com/games/dsimystery/index_files/image1379.png]
[dsipaint.com/games/dsimystery/index_files/Page1374.html]
[dsipaint.com/games/dsimystery/index_files/Page1385.html]
[dsipaint.com/games/dsimystery/index_files/Page1396.html]
[dsipaint.com/games/dsimystery/index_files/Page1409.html]
[dsipaint.com/games/dsimystery/index_files/image1403.png]
[dsipaint.com/games/dsimystery/index_files/Page1396.html]
[dsipaint.com/games/dsimystery/index_files/Page1409.html]
[dsipaint.com/games/dsimystery/index_files/Page1425.html]
[dsipaint.com/games/dsimystery/index_files/Page955.html]
[dsipaint.com/games/dsimystery/index_files/image1430.png]
[dsipaint.com/games/dsimystery/index_files/Page1425.html]
[dsipaint.com/games/dsimystery/index_files/Page955.html]
[dsipaint.com/games/dsimystery/index_files/Page1291.html]
[dsipaint.com/games/dsimystery/index_files/Page1291.html]
[dsipaint.com/games/dsimystery/index_files/Page1351.html]
[dsipaint.com/games/dsimystery/index_files/image1395.png]
[dsipaint.com/games/dsimystery/index_files/Page1351.html]
[dsipaint.com/games/dsimystery/index_files/Page1406.html]
[dsipaint.com/games/dsimystery/index_files/Page1438.html]
[dsipaint.com/games/dsimystery/index_files/Page1406.html]
[dsipaint.com/games/dsimystery/index_files/image1435.jpg]
[dsipaint.com/games/dsimystery/index_files/image1450.png]
[dsipaint.com/games/dsimystery/index_files/Page1438.html]
[dsipaint.com/games/dsimystery/index_files/Page1454.html]
[dsipaint.com/games/dsimystery/index_files/Page1454.html]
[dsipaint.com/games/dsimystery/index_files/Page1482.html]
[dsipaint.com/games/dsimystery/index_files/Page1482.html]
[dsipaint.com/games/dsimystery/index_files/Page1493.html]
[dsipaint.com/games/dsimystery/index_files/Page1505.html]
[dsipaint.com/games/dsimystery/index_files/image1504.png]
[dsipaint.com/games/dsimystery/index_files/Page1587.html]
[dsipaint.com/games/dsimystery/index_files/image1562.png]
[dsipaint.com/games/dsimystery/index_files/Page1493.html]
[dsipaint.com/games/dsimystery/index_files/image1517.png]
[dsipaint.com/games/dsimystery/index_files/image1519.png]
[dsipaint.com/games/dsimystery/index_files/Page1522.html]
[dsipaint.com/games/dsimystery/index_files/image15201.png]
[dsipaint.com/games/dsimystery/index_files/Page1505.html]
[dsipaint.com/games/dsimystery/index_files/Page1587.html]
[dsipaint.com/games/dsimystery/index_files/image1527.png]
[dsipaint.com/games/dsimystery/index_files/Page1522.html]
[dsipaint.com/games/dsimystery/index_files/Page1600.html]
[dsipaint.com/games/dsimystery/index_files/Page1575.html]
[dsipaint.com/games/dsimystery/index_files/Page1600.html]
[dsipaint.com/games/dsimystery/index_files/Page1575.html]
[dsipaint.com/games/dsimystery/index_files/Page1626.html]
[dsipaint.com/games/dsimystery/index_files/image1635.png]
[dsipaint.com/games/dsimystery/index_files/Page1626.html]
[dsipaint.com/games/dsimystery/index_files/Page1408.html]
[dsipaint.com/games/dsimystery/index_files/Page1408.html]
[dsipaint.com/games/dsimystery/index_files/Page1136.html]
[dsipaint.com/games/dsimystery/index_files/Page1136.html]
[dsipaint.com/games/dsimystery/index_files/Page1410.html]
[dsipaint.com/games/dsimystery/index_files/Page1410.html]
[dsipaint.com/games/dsimystery/index_files/Page1546.html]
[dsipaint.com/games/dsimystery/index_files/Page1546.html]
[dsipaint.com/games/dsimystery/index_files/Page1568.html]
[dsipaint.com/games/dsimystery/index_files/image1664.png]
[dsipaint.com/games/dsimystery/index_files/Page1568.html]
[dsipaint.com/games/dsimystery/index_files/Page1602.html]
[dsipaint.com/games/dsimystery/index_files/Page1602.html]
[dsipaint.com/games/dsimystery/index_files/Page1625.html]
[dsipaint.com/games/dsimystery/index_files/Page1625.html]
[dsipaint.com/games/dsimystery/index_files/Page1804.html]
[dsipaint.com/games/dsimystery/index_files/Page1290.html]
[dsipaint.com/games/dsimystery/index_files/image1282.png]
[dsipaint.com/games/dsimystery/index_files/Page1804.html]
[dsipaint.com/games/dsimystery/index_files/Page1290.html]
[dsipaint.com/games/dsimystery/index_files/Page1384.html]
[dsipaint.com/games/dsimystery/index_files/image1541.png]
[dsipaint.com/games/dsimystery/index_files/Page1384.html]
[dsipaint.com/games/dsimystery/index_files/Page1768.html]
[dsipaint.com/games/dsimystery/index_files/image1755.png]
[dsipaint.com/games/dsimystery/index_files/Page1768.html]
[dsipaint.com/games/dsimystery/index_files/Page1737.html]
[dsipaint.com/games/dsimystery/index_files/Page1737.html]
[dsipaint.com/games/dsimystery/index_files/Page1704.html]
[dsipaint.com/games/dsimystery/index_files/Page1704.html]
[dsipaint.com/games/dsimystery/index_files/Page1688.html]
[dsipaint.com/games/dsimystery/index_files/Page1688.html]
[dsipaint.com/games/dsimystery/index_files/Page1672.html]
[dsipaint.com/games/dsimystery/index_files/Page1672.html]
[dsipaint.com/games/dsimystery/index_files/Page1649.html]
[dsipaint.com/games/dsimystery/index_files/Page1649.html]
[dsipaint.com/games/dsimystery/index_files/Page1769.html]
[dsipaint.com/games/dsimystery/index_files/Page1769.html]
[dsipaint.com/games/dsimystery/index_files/Page1791.html]
[dsipaint.com/games/dsimystery/index_files/Page1791.html]
[dsipaint.com/games/dsimystery/index_files/Page1814.html]
[dsipaint.com/games/dsimystery/index_files/Page1814.html]
[dsipaint.com/games/dsimystery/index_files/Page1916.html]
[dsipaint.com/games/dsimystery/index_files/Page1916.html]
[dsipaint.com/games/dsimystery/index_files/Page1514.html]
[dsipaint.com/games/dsimystery/index_files/Page1514.html]
[dsipaint.com/games/dsimystery/index_files/Page1717.html]
[dsipaint.com/games/dsimystery/index_files/image1722.png]
[dsipaint.com/games/dsimystery/index_files/Page1717.html]
[dsipaint.com/games/dsimystery/index_files/Page1716.html]
[dsipaint.com/games/dsimystery/index_files/Page1532.html]
[dsipaint.com/games/dsimystery/index_files/Page1716.html]
[dsipaint.com/games/dsimystery/index_files/image1746.png]
[dsipaint.com/games/dsimystery/index_files/Page1708.html]
[dsipaint.com/games/dsimystery/index_files/Page1532.html]
[dsipaint.com/games/dsimystery/index_files/image1686.png]
[dsipaint.com/games/dsimystery/index_files/Page1749.html]
[dsipaint.com/games/dsimystery/index_files/image1714.png]
[dsipaint.com/games/dsimystery/index_files/image1745.png]
[dsipaint.com/games/dsimystery/index_files/Page1708.html]
[dsipaint.com/games/dsimystery/index_files/Page1795.html]
[dsipaint.com/games/dsimystery/index_files/image1784.png]
[dsipaint.com/games/dsimystery/index_files/Page1749.html]
[dsipaint.com/games/dsimystery/index_files/Page2048.html]
[dsipaint.com/games/dsimystery/index_files/image1828.png]
[dsipaint.com/games/dsimystery/index_files/Page1795.html]
[dsipaint.com/games/dsimystery/index_files/Page1834.html]
[dsipaint.com/games/dsimystery/index_files/image2043.png]
[dsipaint.com/games/dsimystery/index_files/Page2048.html]
[dsipaint.com/games/dsimystery/index_files/Page1845.html]
[dsipaint.com/games/dsimystery/index_files/image1839.png]
[dsipaint.com/games/dsimystery/index_files/Page1834.html]
[dsipaint.com/games/dsimystery/index_files/Page1845.html]
[dsipaint.com/games/dsimystery/index_files/Page2037.html]
[dsipaint.com/games/dsimystery/index_files/Page2037.html]
[dsipaint.com/games/dsimystery/index_files/Page2021.html]
[dsipaint.com/games/dsimystery/index_files/Page1999.html]
[dsipaint.com/games/dsimystery/index_files/image2016.png]
[dsipaint.com/games/dsimystery/index_files/Page2021.html]
[dsipaint.com/games/dsimystery/index_files/Page1986.html]
[dsipaint.com/games/dsimystery/index_files/image1988.png]
[dsipaint.com/games/dsimystery/index_files/Page1999.html]
[dsipaint.com/games/dsimystery/index_files/Page1986.html]
[dsipaint.com/games/dsimystery/index_files/Page1962.html]
[dsipaint.com/games/dsimystery/index_files/image1944.png]
[dsipaint.com/games/dsimystery/index_files/Page1962.html]
[dsipaint.com/games/dsimystery/index_files/Page1940.html]
[dsipaint.com/games/dsimystery/index_files/Page1929.html]
[dsipaint.com/games/dsimystery/index_files/image1935.png]
[dsipaint.com/games/dsimystery/index_files/Page1940.html]
[dsipaint.com/games/dsimystery/index_files/Page1882.html]
[dsipaint.com/games/dsimystery/index_files/image1924.png]
[dsipaint.com/games/dsimystery/index_files/Page1929.html]
[dsipaint.com/games/dsimystery/index_files/Page1869.html]
[dsipaint.com/games/dsimystery/index_files/image1877.png]
[dsipaint.com/games/dsimystery/index_files/image1871.png]
[dsipaint.com/games/dsimystery/index_files/Page1882.html]
[dsipaint.com/games/dsimystery/index_files/Page2059.html]
[dsipaint.com/games/dsimystery/index_files/image2057.png]
[dsipaint.com/games/dsimystery/index_files/Page1869.html]
[dsipaint.com/games/dsimystery/index_files/Page2076.html]
[dsipaint.com/games/dsimystery/index_files/Page2059.html]
[dsipaint.com/games/dsimystery/index_files/image2068.jpg]
[dsipaint.com/games/dsimystery/index_files/Page2089.html]
[dsipaint.com/games/dsimystery/index_files/image2081.png]
[dsipaint.com/games/dsimystery/index_files/Page2076.html]
[dsipaint.com/games/dsimystery/index_files/image2119.jpg]
[dsipaint.com/games/dsimystery/index_files/Page2089.html]
[dsipaint.com/games/dsimystery/index_files/Page2102.html]
[dsipaint.com/games/dsimystery/index_files/Page2102.html]
[dsipaint.com/games/dsimystery/index_files/Page2127.html]
[dsipaint.com/games/dsimystery/index_files/Page2127.html]
[dsipaint.com/games/dsimystery/index_files/Page2160.html]
[dsipaint.com/games/dsimystery/index_files/Page2173.html]
[dsipaint.com/games/dsimystery/index_files/image2165.png]
[dsipaint.com/games/dsimystery/index_files/Page2160.html]
[dsipaint.com/games/dsimystery/index_files/Page2193.html]
[dsipaint.com/games/dsimystery/index_files/Page2173.html]
[dsipaint.com/games/dsimystery/index_files/image2178.png]
[dsipaint.com/games/dsimystery/index_files/Page2193.html]
[dsipaint.com/games/dsimystery/index_files/Page2218.html]
[dsipaint.com/games/dsimystery/index_files/Page2218.html]
[dsipaint.com/games/dsimystery/index_files/Page2229.html]
[dsipaint.com/games/dsimystery/index_files/Page2229.html]
[dsipaint.com/games/dsimystery/index_files/Page2247.html]
[dsipaint.com/games/dsimystery/index_files/Page2247.html]
[dsipaint.com/games/dsimystery/index_files/Page1836.html]
[dsipaint.com/games/dsimystery/index_files/Page1836.html]
[dsipaint.com/games/dsimystery/index_files/Page2264.html]
[dsipaint.com/games/dsimystery/index_files/Page2264.html]
[dsipaint.com/games/dsimystery/index_files/Page2298.html]
[dsipaint.com/games/dsimystery/index_files/Page2298.html]
[dsipaint.com/games/dsimystery/index_files/Page2318.html]
[dsipaint.com/games/dsimystery/index_files/Page2318.html]
[dsipaint.com/games/dsimystery/index_files/Page2046.html]
[dsipaint.com/games/dsimystery/index_files/Page1856.html]
[dsipaint.com/games/dsimystery/index_files/image2332.png]
[dsipaint.com/games/dsimystery/index_files/Page2046.html]
[dsipaint.com/games/dsimystery/index_files/Page1856.html]
[dsipaint.com/games/dsimystery/index_files/Page1997.html]
[dsipaint.com/games/dsimystery/index_files/Page1997.html]
[dsipaint.com/games/dsimystery/index_files/Page2357.html]
[dsipaint.com/games/dsimystery/index_files/Page2357.html]
[dsipaint.com/games/dsimystery/index_files/Page2368.html]
[dsipaint.com/games/dsimystery/index_files/Page1947.html]
[dsipaint.com/games/dsimystery/index_files/image2373.png]
[dsipaint.com/games/dsimystery/index_files/Page2368.html]
[dsipaint.com/games/dsimystery/index_files/Page1947.html]
[dsipaint.com/games/dsimystery/index_files/Page1985.html]
[dsipaint.com/games/dsimystery/index_files/image2005.jpg]
[dsipaint.com/games/dsimystery/index_files/Page1985.html]
[dsipaint.com/games/dsimystery/index_files/Page1531.html]
[dsipaint.com/games/dsimystery/index_files/Page1531.html]
[dsipaint.com/games/dsimystery/index_files/Page1844.html]
[dsipaint.com/games/dsimystery/index_files/Page1844.html]
[dsipaint.com/games/dsimystery/index_files/Page1874.html]
[dsipaint.com/games/dsimystery/index_files/Page1874.html]
[dsipaint.com/games/dsimystery/index_files/Page1915.html]
[dsipaint.com/games/dsimystery/index_files/Page1915.html]
[dsipaint.com/games/dsimystery/index_files/Page1952.html]
[dsipaint.com/games/dsimystery/index_files/Page1952.html]
[dsipaint.com/games/dsimystery/index_files/Page2000.html]
[dsipaint.com/games/dsimystery/index_files/Page2000.html]
[dsipaint.com/games/dsimystery/index_files/Page2035.html]
[dsipaint.com/games/dsimystery/index_files/Page2035.html]
[dsipaint.com/games/dsimystery/index_files/Page2113.html]
[dsipaint.com/games/dsimystery/index_files/Page2113.html]
[dsipaint.com/games/dsimystery/index_files/Page1557.html]
[dsipaint.com/games/dsimystery/index_files/Page1557.html]
[dsipaint.com/games/dsimystery/index_files/Page1948.html]
[dsipaint.com/games/dsimystery/index_files/Page1948.html]
[dsipaint.com/games/dsimystery/index_files/Page2095.html]
[dsipaint.com/games/dsimystery/index_files/Page2095.html]
[dsipaint.com/games/dsimystery/index_files/Page2183.html]
[dsipaint.com/games/dsimystery/index_files/image2190.jpg]
[dsipaint.com/games/dsimystery/index_files/Page2183.html]
[dsipaint.com/games/dsimystery/index_files/Page2153.html]
[dsipaint.com/games/dsimystery/index_files/Page2172.html]
[dsipaint.com/games/dsimystery/index_files/image2159.png]
[dsipaint.com/games/dsimystery/index_files/Page2153.html]
[dsipaint.com/games/dsimystery/index_files/Page2215.html]
[dsipaint.com/games/dsimystery/index_files/Page2172.html]
[dsipaint.com/games/dsimystery/index_files/image2213.jpg]
[dsipaint.com/games/dsimystery/index_files/Page2215.html]
[dsipaint.com/games/dsimystery/index_files/Page2004.html]
[dsipaint.com/games/dsimystery/index_files/Page2004.html]
[dsipaint.com/games/dsimystery/index_files/Page1663.html]
[dsipaint.com/games/dsimystery/index_files/Page1663.html]
[dsipaint.com/games/dsimystery/index_files/Page2244.html]
[dsipaint.com/games/dsimystery/index_files/Page2244.html]
[dsipaint.com/games/dsimystery/index_files/Page2277.html]
[dsipaint.com/games/dsimystery/index_files/Page2277.html]
[dsipaint.com/games/dsimystery/index_files/Page2288.html]
[dsipaint.com/games/dsimystery/index_files/Page2288.html]
[dsipaint.com/games/dsimystery/index_files/Page2300.html]
[dsipaint.com/games/dsimystery/index_files/Page2300.html]
[dsipaint.com/games/dsimystery/index_files/Page2319.html]
[dsipaint.com/games/dsimystery/index_files/Page2319.html]
[dsipaint.com/games/dsimystery/index_files/Page2389.html]
[dsipaint.com/games/dsimystery/index_files/Page2389.html]
[dsipaint.com/games/dsimystery/index_files/Page2400.html]
[dsipaint.com/games/dsimystery/index_files/Page2422.html]
[dsipaint.com/games/dsimystery/index_files/Page2400.html]
[dsipaint.com/games/dsimystery/index_files/image2405.png]
[dsipaint.com/games/dsimystery/index_files/Page2422.html]
[dsipaint.com/games/dsimystery/index_files/Page2436.html]
[dsipaint.com/games/dsimystery/index_files/Page2436.html]
[dsipaint.com/games/dsimystery/index_files/Page315.html]
[dsipaint.com/games/dsimystery/index_files/Page2278.html]
[dsipaint.com/games/dsimystery/index_files/Page315.html]
[dsipaint.com/games/dsimystery/index_files/image2154.png]
[dsipaint.com/games/dsimystery/index_files/Page2278.html]
[dsipaint.com/games/dsimystery/index_files/Page2340.html]
[dsipaint.com/games/dsimystery/index_files/Page2340.html]
[dsipaint.com/games/dsimystery/index_files/Page2376.html]
[dsipaint.com/games/dsimystery/index_files/Page2376.html]
[dsipaint.com/games/dsimystery/index_files/Page2412.html]
[dsipaint.com/games/dsimystery/index_files/Page2412.html]
[dsipaint.com/games/dsimystery/index_files/Page2421.html]
[dsipaint.com/games/dsimystery/index_files/Page2421.html]
[dsipaint.com/games/dsimystery/index_files/Page2449.html]
[dsipaint.com/games/dsimystery/index_files/Page2449.html]
[dsipaint.com/games/dsimystery/index_files/Page2458.html]
[dsipaint.com/games/dsimystery/index_files/Page2458.html]
[dsipaint.com/games/dsimystery/index_files/Page2476.html]
[dsipaint.com/games/dsimystery/index_files/Page2476.html]
[dsipaint.com/games/dsimystery/index_files/Page2485.html]
[dsipaint.com/games/dsimystery/index_files/Page2485.html]
[dsipaint.com/games/dsimystery/index_files/Page2494.html]
[dsipaint.com/games/dsimystery/index_files/image2503.png]
[dsipaint.com/games/dsimystery/index_files/Page2494.html]
